Archive member included to satisfy reference by file (symbol)

d:/rt-threadstudio/repo/extract/toolchain_support_packages/arm/gnu_tools_for_arm_embedded_processors/10.2.1/bin/../lib/gcc/arm-none-eabi/10.2.1/../../../../arm-none-eabi/lib/thumb/v8-m.main+fp/hard\libm.a(lib_a-s_cos.o)
                              ./packages/ssd1306-latest/src/ssd1306.o (cos)
d:/rt-threadstudio/repo/extract/toolchain_support_packages/arm/gnu_tools_for_arm_embedded_processors/10.2.1/bin/../lib/gcc/arm-none-eabi/10.2.1/../../../../arm-none-eabi/lib/thumb/v8-m.main+fp/hard\libm.a(lib_a-s_sin.o)
                              ./packages/ssd1306-latest/src/ssd1306.o (sin)
d:/rt-threadstudio/repo/extract/toolchain_support_packages/arm/gnu_tools_for_arm_embedded_processors/10.2.1/bin/../lib/gcc/arm-none-eabi/10.2.1/../../../../arm-none-eabi/lib/thumb/v8-m.main+fp/hard\libm.a(lib_a-e_rem_pio2.o)
                              d:/rt-threadstudio/repo/extract/toolchain_support_packages/arm/gnu_tools_for_arm_embedded_processors/10.2.1/bin/../lib/gcc/arm-none-eabi/10.2.1/../../../../arm-none-eabi/lib/thumb/v8-m.main+fp/hard\libm.a(lib_a-s_cos.o) (__ieee754_rem_pio2)
d:/rt-threadstudio/repo/extract/toolchain_support_packages/arm/gnu_tools_for_arm_embedded_processors/10.2.1/bin/../lib/gcc/arm-none-eabi/10.2.1/../../../../arm-none-eabi/lib/thumb/v8-m.main+fp/hard\libm.a(lib_a-k_cos.o)
                              d:/rt-threadstudio/repo/extract/toolchain_support_packages/arm/gnu_tools_for_arm_embedded_processors/10.2.1/bin/../lib/gcc/arm-none-eabi/10.2.1/../../../../arm-none-eabi/lib/thumb/v8-m.main+fp/hard\libm.a(lib_a-s_cos.o) (__kernel_cos)
d:/rt-threadstudio/repo/extract/toolchain_support_packages/arm/gnu_tools_for_arm_embedded_processors/10.2.1/bin/../lib/gcc/arm-none-eabi/10.2.1/../../../../arm-none-eabi/lib/thumb/v8-m.main+fp/hard\libm.a(lib_a-k_rem_pio2.o)
                              d:/rt-threadstudio/repo/extract/toolchain_support_packages/arm/gnu_tools_for_arm_embedded_processors/10.2.1/bin/../lib/gcc/arm-none-eabi/10.2.1/../../../../arm-none-eabi/lib/thumb/v8-m.main+fp/hard\libm.a(lib_a-e_rem_pio2.o) (__kernel_rem_pio2)
d:/rt-threadstudio/repo/extract/toolchain_support_packages/arm/gnu_tools_for_arm_embedded_processors/10.2.1/bin/../lib/gcc/arm-none-eabi/10.2.1/../../../../arm-none-eabi/lib/thumb/v8-m.main+fp/hard\libm.a(lib_a-k_sin.o)
                              d:/rt-threadstudio/repo/extract/toolchain_support_packages/arm/gnu_tools_for_arm_embedded_processors/10.2.1/bin/../lib/gcc/arm-none-eabi/10.2.1/../../../../arm-none-eabi/lib/thumb/v8-m.main+fp/hard\libm.a(lib_a-s_cos.o) (__kernel_sin)
d:/rt-threadstudio/repo/extract/toolchain_support_packages/arm/gnu_tools_for_arm_embedded_processors/10.2.1/bin/../lib/gcc/arm-none-eabi/10.2.1/../../../../arm-none-eabi/lib/thumb/v8-m.main+fp/hard\libm.a(lib_a-s_fabs.o)
                              d:/rt-threadstudio/repo/extract/toolchain_support_packages/arm/gnu_tools_for_arm_embedded_processors/10.2.1/bin/../lib/gcc/arm-none-eabi/10.2.1/../../../../arm-none-eabi/lib/thumb/v8-m.main+fp/hard\libm.a(lib_a-e_rem_pio2.o) (fabs)
d:/rt-threadstudio/repo/extract/toolchain_support_packages/arm/gnu_tools_for_arm_embedded_processors/10.2.1/bin/../lib/gcc/arm-none-eabi/10.2.1/../../../../arm-none-eabi/lib/thumb/v8-m.main+fp/hard\libm.a(lib_a-s_floor.o)
                              d:/rt-threadstudio/repo/extract/toolchain_support_packages/arm/gnu_tools_for_arm_embedded_processors/10.2.1/bin/../lib/gcc/arm-none-eabi/10.2.1/../../../../arm-none-eabi/lib/thumb/v8-m.main+fp/hard\libm.a(lib_a-k_rem_pio2.o) (floor)
d:/rt-threadstudio/repo/extract/toolchain_support_packages/arm/gnu_tools_for_arm_embedded_processors/10.2.1/bin/../lib/gcc/arm-none-eabi/10.2.1/../../../../arm-none-eabi/lib/thumb/v8-m.main+fp/hard\libm.a(lib_a-s_scalbn.o)
                              d:/rt-threadstudio/repo/extract/toolchain_support_packages/arm/gnu_tools_for_arm_embedded_processors/10.2.1/bin/../lib/gcc/arm-none-eabi/10.2.1/../../../../arm-none-eabi/lib/thumb/v8-m.main+fp/hard\libm.a(lib_a-k_rem_pio2.o) (scalbn)
d:/rt-threadstudio/repo/extract/toolchain_support_packages/arm/gnu_tools_for_arm_embedded_processors/10.2.1/bin/../lib/gcc/arm-none-eabi/10.2.1/../../../../arm-none-eabi/lib/thumb/v8-m.main+fp/hard\libc.a(lib_a-atoi.o)
                              ./rt-thread/components/drivers/sensors/sensor_cmd.o (atoi)
d:/rt-threadstudio/repo/extract/toolchain_support_packages/arm/gnu_tools_for_arm_embedded_processors/10.2.1/bin/../lib/gcc/arm-none-eabi/10.2.1/../../../../arm-none-eabi/lib/thumb/v8-m.main+fp/hard\libc.a(lib_a-exit.o)
                              d:/rt-threadstudio/repo/extract/toolchain_support_packages/arm/gnu_tools_for_arm_embedded_processors/10.2.1/bin/../lib/gcc/arm-none-eabi/10.2.1/../../../../arm-none-eabi/lib/thumb/v8-m.main+fp/hard/crt0.o (exit)
[...]
Memory Configuration

Name             Origin             Length             Attributes
FLASH            0x00000000         0x00100000         xr
RAM              0x20000000         0x00040000         xrw
DATA_FLASH       0x08000000         0x00002000         xr
QSPI_FLASH       0x60000000         0x04000000         xr
OSPI_DEVICE_0    0x68000000         0x08000000         xr
OSPI_DEVICE_1    0x70000000         0x10000000         xr
OSPI_DEVICE_0_RAM 0x68000000         0x08000000         xrw
OSPI_DEVICE_1_RAM 0x70000000         0x10000000         xrw
SDRAM            0x90000000         0x00000000         xrw
OPTION_SETTING   0x0100a100         0x00000100         r
OPTION_SETTING_S 0x0100a200         0x00000100         r
ID_CODE          0x00000000         0x00000000         xr
*default*        0x00000000         0xffffffff

Linker script and memory map

LOAD d:/rt-threadstudio/repo/extract/toolchain_support_packages/arm/gnu_tools_for_arm_embedded_processors/10.2.1/bin/../lib/gcc/arm-none-eabi/10.2.1/thumb/v8-m.main+fp/hard/crti.o
LOAD d:/rt-threadstudio/repo/extract/toolchain_support_packages/arm/gnu_tools_for_arm_embedded_processors/10.2.1/bin/../lib/gcc/arm-none-eabi/10.2.1/thumb/v8-m.main+fp/hard/crtbegin.o
LOAD d:/rt-threadstudio/repo/extract/toolchain_support_packages/arm/gnu_tools_for_arm_embedded_processors/10.2.1/bin/../lib/gcc/arm-none-eabi/10.2.1/../../../../arm-none-eabi/lib/thumb/v8-m.main+fp/hard/crt0.o
LOAD ./src/adc.o
LOAD ./src/hal_entry.o
LOAD ./src/pwmled.o
LOAD ./src/uart.o
LOAD ./rt-thread/src/clock.o
LOAD ./rt-thread/src/components.o
LOAD ./rt-thread/src/device.o
LOAD ./rt-thread/src/idle.o
LOAD ./rt-thread/src/ipc.o
LOAD ./rt-thread/src/irq.o
LOAD ./rt-thread/src/kservice.o
LOAD ./rt-thread/src/mem.o
LOAD ./rt-thread/src/object.o
LOAD ./rt-thread/src/scheduler.o
LOAD ./rt-thread/src/thread.o
LOAD ./rt-thread/src/timer.o
LOAD ./rt-thread/libcpu/arm/cortex-m4/context_gcc.o
LOAD ./rt-thread/libcpu/arm/cortex-m4/cpuport.o
LOAD ./rt-thread/libcpu/arm/common/backtrace.o
LOAD ./rt-thread/libcpu/arm/common/div0.o
LOAD ./rt-thread/libcpu/arm/common/showmem.o
LOAD ./rt-thread/components/libc/compilers/newlib/syscalls.o
LOAD ./rt-thread/components/libc/compilers/common/stdlib.o
LOAD ./rt-thread/components/libc/compilers/common/time.o
LOAD ./rt-thread/components/finsh/cmd.o
LOAD ./rt-thread/components/finsh/msh.o
LOAD ./rt-thread/components/finsh/shell.o
LOAD ./rt-thread/components/drivers/serial/serial_v2.o
LOAD ./rt-thread/components/drivers/sensors/sensor.o
LOAD ./rt-thread/components/drivers/sensors/sensor_cmd.o
LOAD ./rt-thread/components/drivers/misc/adc.o
LOAD ./rt-thread/components/drivers/misc/pin.o
LOAD ./rt-thread/components/drivers/misc/rt_drv_pwm.o
LOAD ./rt-thread/components/drivers/ipc/completion.o
LOAD ./rt-thread/components/drivers/ipc/dataqueue.o
LOAD ./rt-thread/components/drivers/ipc/pipe.o
LOAD ./rt-thread/components/drivers/ipc/ringblk_buf.o
LOAD ./rt-thread/components/drivers/ipc/ringbuffer.o
LOAD ./rt-thread/components/drivers/ipc/waitqueue.o
LOAD ./rt-thread/components/drivers/ipc/workqueue.o
LOAD ./rt-thread/components/drivers/i2c/i2c-bit-ops.o
LOAD ./rt-thread/components/drivers/i2c/i2c_core.o
LOAD ./rt-thread/components/drivers/i2c/i2c_dev.o
LOAD ./ra_gen/common_data.o
LOAD ./ra_gen/hal_data.o
LOAD ./ra_gen/main.o
LOAD ./ra_gen/pin_data.o
LOAD ./ra_gen/vector_data.o
LOAD ./ra/fsp/src/r_sci_uart/r_sci_uart.o
LOAD ./ra/fsp/src/r_ioport/r_ioport.o
LOAD ./ra/fsp/src/r_icu/r_icu.o
LOAD ./ra/fsp/src/r_gpt/r_gpt.o
LOAD ./ra/fsp/src/r_adc/r_adc.o
LOAD ./ra/fsp/src/bsp/mcu/all/bsp_clocks.o
LOAD ./ra/fsp/src/bsp/mcu/all/bsp_common.o
LOAD ./ra/fsp/src/bsp/mcu/all/bsp_delay.o
LOAD ./ra/fsp/src/bsp/mcu/all/bsp_group_irq.o
LOAD ./ra/fsp/src/bsp/mcu/all/bsp_guard.o
LOAD ./ra/fsp/src/bsp/mcu/all/bsp_io.o
LOAD ./ra/fsp/src/bsp/mcu/all/bsp_irq.o
LOAD ./ra/fsp/src/bsp/mcu/all/bsp_register_protection.o
LOAD ./ra/fsp/src/bsp/mcu/all/bsp_rom_registers.o
LOAD ./ra/fsp/src/bsp/mcu/all/bsp_sbrk.o
LOAD ./ra/fsp/src/bsp/mcu/all/bsp_security.o
LOAD ./ra/fsp/src/bsp/cmsis/Device/RENESAS/Source/startup.o
LOAD ./ra/fsp/src/bsp/cmsis/Device/RENESAS/Source/system.o
LOAD ./packages/ssd1306-latest/src/ssd1306.o
LOAD ./packages/ssd1306-latest/src/ssd1306_fonts.o
LOAD ./packages/ssd1306-latest/examples/ssd1306_tests.o
LOAD ./packages/dhtxx-latest/src/dhtxx.o
LOAD ./packages/dhtxx-latest/src/sensor_asair_dhtxx.o
LOAD ./packages/dhtxx-latest/examples/dhtxx_sample.o
LOAD ./packages/dhtxx-latest/examples/sensor_dhtxx_sample.o
LOAD ./packages/bmp180-latest/bmp180.o
LOAD ./packages/bmp180-latest/bmp180_sample.o
LOAD ./libraries/HAL_Drivers/drv_adc.o
LOAD ./libraries/HAL_Drivers/drv_common.o
LOAD ./libraries/HAL_Drivers/drv_gpio.o
LOAD ./libraries/HAL_Drivers/drv_pwm.o
LOAD ./libraries/HAL_Drivers/drv_soft_i2c.o
LOAD ./libraries/HAL_Drivers/drv_usart_v2.o
LOAD ./board/ports/drv_rw007.o
LOAD d:/rt-threadstudio/repo/extract/toolchain_support_packages/arm/gnu_tools_for_arm_embedded_processors/10.2.1/bin/../lib/gcc/arm-none-eabi/10.2.1/../../../../arm-none-eabi/lib/thumb/v8-m.main+fp/hard\libm.a
LOAD d:/rt-threadstudio/repo/extract/toolchain_support_packages/arm/gnu_tools_for_arm_embedded_processors/10.2.1/bin/../lib/gcc/arm-none-eabi/10.2.1/../../../../arm-none-eabi/lib/thumb/v8-m.main+fp/hard\libc.a
START GROUP
LOAD d:/rt-threadstudio/repo/extract/toolchain_support_packages/arm/gnu_tools_for_arm_embedded_processors/10.2.1/bin/../lib/gcc/arm-none-eabi/10.2.1/thumb/v8-m.main+fp/hard\libgcc.a
LOAD d:/rt-threadstudio/repo/extract/toolchain_support_packages/arm/gnu_tools_for_arm_embedded_processors/10.2.1/bin/../lib/gcc/arm-none-eabi/10.2.1/../../../../arm-none-eabi/lib/thumb/v8-m.main+fp/hard\libc.a
END GROUP
LOAD d:/rt-threadstudio/repo/extract/toolchain_support_packages/arm/gnu_tools_for_arm_embedded_processors/10.2.1/bin/../lib/gcc/arm-none-eabi/10.2.1/thumb/v8-m.main+fp/hard/crtend.o
LOAD d:/rt-threadstudio/repo/extract/toolchain_support_packages/arm/gnu_tools_for_arm_embedded_processors/10.2.1/bin/../lib/gcc/arm-none-eabi/10.2.1/thumb/v8-m.main+fp/hard/crtn.o
                0x20000000                RAM_START = 0x20000000
                0x00040000                RAM_LENGTH = 0x40000
                0x00000000                FLASH_START = 0x0
                0x00100000                FLASH_LENGTH = 0x100000
                0x08000000                DATA_FLASH_START = 0x8000000
                0x00002000                DATA_FLASH_LENGTH = 0x2000
                0x0100a100                OPTION_SETTING_START = 0x100a100
                0x00000100                OPTION_SETTING_LENGTH = 0x100
                0x0100a200                OPTION_SETTING_S_START = 0x100a200
                0x00000100                OPTION_SETTING_S_LENGTH = 0x100
                0x00000000                ID_CODE_START = 0x0
                0x00000000                ID_CODE_LENGTH = 0x0
                0x90000000                SDRAM_START = 0x90000000
                0x00000000                SDRAM_LENGTH = 0x0
                0x60000000                QSPI_FLASH_START = 0x60000000
                0x04000000                QSPI_FLASH_LENGTH = 0x4000000
                0x68000000                OSPI_DEVICE_0_START = 0x68000000
                0x08000000                OSPI_DEVICE_0_LENGTH = 0x8000000
                0x70000000                OSPI_DEVICE_1_START = 0x70000000
                0x10000000                OSPI_DEVICE_1_LENGTH = 0x10000000
                0x04000000                QSPI_FLASH_PRV_LENGTH = DEFINED (QSPI_FLASH_SIZE)?ABSOLUTE (QSPI_FLASH_SIZE):ABSOLUTE (QSPI_FLASH_LENGTH)
                0x08000000                OSPI_DEVICE_0_PRV_LENGTH = DEFINED (OSPI_DEVICE_0_SIZE)?ABSOLUTE (OSPI_DEVICE_0_SIZE):ABSOLUTE (OSPI_DEVICE_0_LENGTH)
                0x10000000                OSPI_DEVICE_1_PRV_LENGTH = DEFINED (OSPI_DEVICE_1_SIZE)?ABSOLUTE (OSPI_DEVICE_1_SIZE):ABSOLUTE (OSPI_DEVICE_1_LENGTH)
                0x00000000                __RESERVE_NS_RAM = ((! (DEFINED (PROJECT_NONSECURE)) && DEFINED (RAM_NS_BUFFER_LENGTH)) && (OPTION_SETTING_S_LENGTH != 0x0))
                0x00000000                RAM_NS_BUFFER_BLOCK_LENGTH = DEFINED (RAM_NS_BUFFER_LENGTH)?ALIGN (RAM_NS_BUFFER_LENGTH, 0x2000):0x0
                0x00000000                RAM_NS_BUFFER_LENGTH = DEFINED (RAM_NS_BUFFER_LENGTH)?RAM_NS_BUFFER_LENGTH:0x0
                0x20040000                RAM_NS_BUFFER_START = ((RAM_START + RAM_LENGTH) - RAM_NS_BUFFER_LENGTH)
                0x20040000                RAM_NS_BUFFER_BLOCK_START = ((RAM_START + RAM_LENGTH) - RAM_NS_BUFFER_BLOCK_LENGTH)
                0x0100a180                OPTION_SETTING_START_NS = 0x100a180
                0x00000001                __bl_FSP_BOOTABLE_IMAGE = 0x1
                0x00000001                __bln_FSP_BOOTABLE_IMAGE = 0x1
                0x00000001                PROJECT_SECURE_OR_FLAT = ((! (DEFINED (PROJECT_NONSECURE)) && OPTION_SETTING_LENGTH) && ! (DEFINED (FSP_BOOTABLE_IMAGE)))
                0x00000000                USE_OPTION_SETTING_NS = (DEFINED (PROJECT_NONSECURE) && ! (DEFINED (FSP_BOOTABLE_IMAGE)))
                0x00000000                __bl_FLASH_IMAGE_START = ! (DEFINED (FLASH_BOOTLOADER_LENGTH))?0x0:(FLASH_APPLICATION_IMAGE_NUMBER == 0x1)?(FLASH_BOOTLOADER_LENGTH + FLASH_BOOTLOADER_HEADER_LENGTH):(((FLASH_BOOTLOADER_LENGTH + FLASH_BOOTLOADER_SCRATCH_LENGTH) + FLASH_APPLICATION_S_LENGTH) + FLASH_BOOTLOADER_HEADER_LENGTH)
                0x00000000                __bl_FLASH_IMAGE_LENGTH = ! (DEFINED (FLASH_BOOTLOADER_LENGTH))?0x0:(FLASH_APPLICATION_S_LENGTH - FLASH_BOOTLOADER_HEADER_LENGTH)
                0x00000000                __bl_FLASH_IMAGE_END = (__bl_FLASH_IMAGE_START + __bl_FLASH_IMAGE_LENGTH)
                0x00000000                __bl_FLASH_NS_START = ! (DEFINED (FLASH_BOOTLOADER_LENGTH))?0x0:(FLASH_APPLICATION_NS_LENGTH == 0x0)?__bl_FLASH_IMAGE_END:((__bl_FLASH_IMAGE_START - FLASH_BOOTLOADER_HEADER_LENGTH) + FLASH_APPLICATION_S_LENGTH)
                0x00000000                __bl_FLASH_NSC_START = ! (DEFINED (FLASH_BOOTLOADER_LENGTH))?0x0:(FLASH_APPLICATION_NS_LENGTH == 0x0)?__bl_FLASH_IMAGE_END:(__bl_FLASH_NS_START - FLASH_APPLICATION_NSC_LENGTH)
                0x00000000                __bl_RAM_NS_START = ! (DEFINED (FLASH_BOOTLOADER_LENGTH))?0x0:(FLASH_APPLICATION_NS_LENGTH == 0x0)?(RAM_START + RAM_LENGTH):((RAM_START + RAM_LENGTH) - RAM_APPLICATION_NS_LENGTH)
                0x00000000                __bl_RAM_NSC_START = ! (DEFINED (FLASH_BOOTLOADER_LENGTH))?0x0:(FLASH_APPLICATION_NS_LENGTH == 0x0)?(RAM_START + RAM_LENGTH):(__bl_RAM_NS_START - RAM_APPLICATION_NSC_LENGTH)
                0x00000000                __bl_FLASH_NS_IMAGE_START = ! (DEFINED (FLASH_BOOTLOADER_LENGTH))?0x0:(FLASH_APPLICATION_NS_LENGTH == 0x0)?__bl_FLASH_IMAGE_END:(__bl_FLASH_NS_START + FLASH_BOOTLOADER_HEADER_LENGTH_2)
                0x00000000                __bln_FLASH_IMAGE_START = __bl_FLASH_NS_IMAGE_START
                0x00000000                __bln_FLASH_IMAGE_LENGTH = ! (DEFINED (FLASH_BOOTLOADER_LENGTH))?0x0:(FLASH_APPLICATION_NS_LENGTH == 0x0)?__bl_FLASH_IMAGE_END:(FLASH_APPLICATION_NS_LENGTH - FLASH_BOOTLOADER_HEADER_LENGTH_2)
                0x00000000                FLASH_ORIGIN = DEFINED (FLASH_IMAGE_START)?FLASH_IMAGE_START:FLASH_START
                0x00100000                LIMITED_FLASH_LENGTH = DEFINED (FLASH_IMAGE_LENGTH)?FLASH_IMAGE_LENGTH:DEFINED (FLASH_BOOTLOADER_LENGTH)?FLASH_BOOTLOADER_LENGTH:FLASH_LENGTH
START GROUP
LOAD d:/rt-threadstudio/repo/extract/toolchain_support_packages/arm/gnu_tools_for_arm_embedded_processors/10.2.1/bin/../lib/gcc/arm-none-eabi/10.2.1/thumb/v8-m.main+fp/hard\libgcc.a
LOAD d:/rt-threadstudio/repo/extract/toolchain_support_packages/arm/gnu_tools_for_arm_embedded_processors/10.2.1/bin/../lib/gcc/arm-none-eabi/10.2.1/../../../../arm-none-eabi/lib/thumb/v8-m.main+fp/hard\libc.a
LOAD d:/rt-threadstudio/repo/extract/toolchain_support_packages/arm/gnu_tools_for_arm_embedded_processors/10.2.1/bin/../lib/gcc/arm-none-eabi/10.2.1/../../../../arm-none-eabi/lib/thumb/v8-m.main+fp/hard\libm.a
LOAD d:/rt-threadstudio/repo/extract/toolchain_support_packages/arm/gnu_tools_for_arm_embedded_processors/10.2.1/bin/../lib/gcc/arm-none-eabi/10.2.1/../../../../arm-none-eabi/lib/thumb/v8-m.main+fp/hard\libnosys.a
END GROUP

.text           0x00000000    0x1fed0
                0x00000000                __tz_FLASH_S = ABSOLUTE (FLASH_START)
                0x00000000                __ROM_Start = .
 *(.fixed_vectors*)
 .fixed_vectors
                0x00000000       0x40 ./ra/fsp/src/bsp/cmsis/Device/RENESAS/Source/startup.o
                0x00000000                __Vectors
 *(.application_vectors*)
 .application_vectors
                0x00000040      0x180 ./ra_gen/vector_data.o
                0x00000040                g_vector_table
                0x000001c0                __Vectors_End = .
                0x000001c0                . = (OPTION_SETTING_LENGTH > 0x0)?.:(__ROM_Start + 0x400)
 *(.rom_registers*)
                0x000001c0                . = (OPTION_SETTING_LENGTH > 0x0)?.:(__ROM_Start + 0x500)
                0x00000200                . = ALIGN (0x80)
 *fill*         0x000001c0       0x40 ff
 *(.mcuboot_sce9_key*)
 *(.text*)
 .text          0x00000200       0x40 d:/rt-threadstudio/repo/extract/toolchain_support_packages/arm/gnu_tools_for_arm_embedded_processors/10.2.1/bin/../lib/gcc/arm-none-eabi/10.2.1/thumb/v8-m.main+fp/hard/crtbegin.o
 .text.adc_Initiation
                0x00000240       0x50 ./src/adc.o
                0x00000240                adc_Initiation
 .text.adc_read
                0x00000290      0x1f8 ./src/adc.o
                0x00000290                adc_read
 .text.hal_entry
                0x00000488       0x30 ./src/hal_entry.o
                0x00000488                hal_entry
 .text.pwm_Initiation
                0x000004b8       0xbc ./src/pwmled.o
                0x000004b8                pwm_Initiation
 *fill*         0x00000574        0x4 ff
 .text.pwm_action
                0x00000578      0x104 ./src/pwmled.o
                0x00000578                pwm_action
 .text.uart_rx_ind
                0x0000067c       0x24 ./src/uart.o
 .text.uart_sample_get_char
                0x000006a0       0x44 ./src/uart.o
 .text.control_thread_entry
                0x000006e4      0x1d8 ./src/uart.o
 .text.serial_thread_entry
                0x000008bc      0x140 ./src/uart.o
                0x000008bc                serial_thread_entry
 .text.uart_data_sample
                0x000009fc      0x104 ./src/uart.o
 .text.rt_tick_get
                0x00000b00       0x18 ./rt-thread/src/clock.o
                0x00000b00                rt_tick_get
 .text.rt_tick_increase
                0x00000b18       0x7c ./rt-thread/src/clock.o
                0x00000b18                rt_tick_increase
 .text.rt_tick_from_millisecond
                0x00000b94       0x78 ./rt-thread/src/clock.o
                0x00000b94                rt_tick_from_millisecond
 .text.rti_start
                0x00000c0c       0x10 ./rt-thread/src/components.o
 .text.rti_board_start
                0x00000c1c       0x10 ./rt-thread/src/components.o
 .text.rti_board_end
                0x00000c2c       0x10 ./rt-thread/src/components.o
 .text.rti_end  0x00000c3c       0x10 ./rt-thread/src/components.o
 .text.rt_components_board_init
                0x00000c4c       0x34 ./rt-thread/src/components.o
                0x00000c4c                rt_components_board_init
 .text.rt_components_init
                0x00000c80       0x34 ./rt-thread/src/components.o
                0x00000c80                rt_components_init
 .text.entry    0x00000cb4        0xe ./rt-thread/src/components.o
                0x00000cb4                entry
 .text.main_thread_entry
                0x00000cc2       0x18 ./rt-thread/src/components.o
                0x00000cc2                main_thread_entry
 *fill*         0x00000cda        0x2 ff
 .text.rt_application_init
                0x00000cdc       0x4c ./rt-thread/src/components.o
                0x00000cdc                rt_application_init
 .text.rtthread_startup
                0x00000d28       0x2e ./rt-thread/src/components.o
                0x00000d28                rtthread_startup
 .text.rt_device_register
                0x00000d56       0x54 ./rt-thread/src/device.o
                0x00000d56                rt_device_register
 .text.rt_device_find
                0x00000daa       0x1a ./rt-thread/src/device.o
                0x00000daa                rt_device_find
 .text.rt_device_open
                0x00000dc4      0x108 ./rt-thread/src/device.o
                0x00000dc4                rt_device_open
 .text.rt_device_close
                0x00000ecc       0x9c ./rt-thread/src/device.o
                0x00000ecc                rt_device_close
 .text.rt_device_read
                0x00000f68       0x88 ./rt-thread/src/device.o
                0x00000f68                rt_device_read
 .text.rt_device_write
                0x00000ff0       0x88 ./rt-thread/src/device.o
                0x00000ff0                rt_device_write
 .text.rt_device_control
                0x00001078       0x68 ./rt-thread/src/device.o
                0x00001078                rt_device_control
 .text.rt_device_set_rx_indicate
                0x000010e0       0x54 ./rt-thread/src/device.o
                0x000010e0                rt_device_set_rx_indicate
 .text.rt_list_insert_after
                0x00001134       0x32 ./rt-thread/src/idle.o
 .text.rt_list_remove
                0x00001166       0x36 ./rt-thread/src/idle.o
 .text.rt_thread_defunct_enqueue
                0x0000119c       0x20 ./rt-thread/src/idle.o
                0x0000119c                rt_thread_defunct_enqueue
 .text.rt_thread_defunct_dequeue
                0x000011bc       0x44 ./rt-thread/src/idle.o
                0x000011bc                rt_thread_defunct_dequeue
 .text.rt_defunct_execute
                0x00001200       0x54 ./rt-thread/src/idle.o
 .text.rt_thread_idle_entry
                0x00001254       0x38 ./rt-thread/src/idle.o
 .text.rt_thread_idle_init
                0x0000128c       0x78 ./rt-thread/src/idle.o
                0x0000128c                rt_thread_idle_init
 .text.rt_list_init
                0x00001304       0x22 ./rt-thread/src/ipc.o
 .text.rt_list_insert_before
                0x00001326       0x32 ./rt-thread/src/ipc.o
 .text.rt_list_isempty
                0x00001358       0x24 ./rt-thread/src/ipc.o
 .text._ipc_object_init
                0x0000137c       0x1c ./rt-thread/src/ipc.o
 .text._ipc_list_suspend
                0x00001398       0xa4 ./rt-thread/src/ipc.o
 .text._ipc_list_resume
                0x0000143c       0x20 ./rt-thread/src/ipc.o
 .text._ipc_list_resume_all
                0x0000145c       0x46 ./rt-thread/src/ipc.o
 *fill*         0x000014a2        0x2 ff
 .text.rt_sem_init
                0x000014a4       0x88 ./rt-thread/src/ipc.o
                0x000014a4                rt_sem_init
 .text.rt_sem_create
                0x0000152c       0xac ./rt-thread/src/ipc.o
                0x0000152c                rt_sem_create
 .text.rt_sem_take
                0x000015d8      0x190 ./rt-thread/src/ipc.o
                0x000015d8                rt_sem_take
 .text.rt_sem_release
                0x00001768       0xbc ./rt-thread/src/ipc.o
                0x00001768                rt_sem_release
 .text.rt_sem_control
                0x00001824       0x84 ./rt-thread/src/ipc.o
                0x00001824                rt_sem_control
 .text.rt_mutex_init
                0x000018a8       0x64 ./rt-thread/src/ipc.o
                0x000018a8                rt_mutex_init
 .text.rt_mutex_create
                0x0000190c       0x88 ./rt-thread/src/ipc.o
                0x0000190c                rt_mutex_create
 .text.rt_mutex_take
                0x00001994      0x21c ./rt-thread/src/ipc.o
                0x00001994                rt_mutex_take
 .text.rt_mutex_release
                0x00001bb0      0x1bc ./rt-thread/src/ipc.o
                0x00001bb0                rt_mutex_release
 .text.rt_interrupt_enter
                0x00001d6c       0x40 ./rt-thread/src/irq.o
                0x00001d6c                rt_interrupt_enter
 .text.rt_interrupt_leave
                0x00001dac       0x40 ./rt-thread/src/irq.o
                0x00001dac                rt_interrupt_leave
 .text.rt_interrupt_get_nest
                0x00001dec       0x28 ./rt-thread/src/irq.o
                0x00001dec                rt_interrupt_get_nest
 .text.rt_set_errno
                0x00001e14       0x40 ./rt-thread/src/kservice.o
                0x00001e14                rt_set_errno
 .text._rt_errno
                0x00001e54       0x34 ./rt-thread/src/kservice.o
                0x00001e54                _rt_errno
 .text.rt_memset
                0x00001e88       0xb6 ./rt-thread/src/kservice.o
                0x00001e88                rt_memset
 .text.rt_memcpy
                0x00001f3e       0xd2 ./rt-thread/src/kservice.o
                0x00001f3e                rt_memcpy
 .text.rt_memmove
                0x00002010       0x82 ./rt-thread/src/kservice.o
                0x00002010                rt_memmove
 .text.rt_strncpy
                0x00002092       0x64 ./rt-thread/src/kservice.o
                0x00002092                rt_strncpy
 .text.rt_strncmp
                0x000020f6       0x4a ./rt-thread/src/kservice.o
                0x000020f6                rt_strncmp
 .text.rt_strlen
                0x00002140       0x2e ./rt-thread/src/kservice.o
                0x00002140                rt_strlen
 *fill*         0x0000216e        0x2 ff
 .text.rt_show_version
                0x00002170       0x4c ./rt-thread/src/kservice.o
                0x00002170                rt_show_version
 .text.divide   0x000021bc       0x68 ./rt-thread/src/kservice.o
 .text.skip_atoi
                0x00002224       0x40 ./rt-thread/src/kservice.o
 .text.print_number
                0x00002264      0x1dc ./rt-thread/src/kservice.o
 .text.rt_vsnprintf
                0x00002440      0x4ac ./rt-thread/src/kservice.o
                0x00002440                rt_vsnprintf
 .text.rt_vsprintf
                0x000028ec       0x24 ./rt-thread/src/kservice.o
                0x000028ec                rt_vsprintf
 .text.rt_sprintf
                0x00002910       0x2c ./rt-thread/src/kservice.o
                0x00002910                rt_sprintf
 .text.rt_console_get_device
                0x0000293c       0x18 ./rt-thread/src/kservice.o
                0x0000293c                rt_console_get_device
 .text.rt_console_set_device
                0x00002954       0x58 ./rt-thread/src/kservice.o
                0x00002954                rt_console_set_device
 .text.rt_hw_console_output
                0x000029ac       0x14 ./rt-thread/src/kservice.o
                0x000029ac                rt_hw_console_output
 .text.rt_kprintf
                0x000029c0       0x60 ./rt-thread/src/kservice.o
                0x000029c0                rt_kprintf
 .text._heap_lock_init
                0x00002a20       0x1c ./rt-thread/src/kservice.o
 .text._heap_lock
                0x00002a3c       0x28 ./rt-thread/src/kservice.o
 .text._heap_unlock
                0x00002a64       0x40 ./rt-thread/src/kservice.o
 .text._smem_info
                0x00002aa4       0x4c ./rt-thread/src/kservice.o
 .text.rt_system_heap_init
                0x00002af0       0x64 ./rt-thread/src/kservice.o
                0x00002af0                rt_system_heap_init
 .text.rt_malloc
                0x00002b54       0x48 ./rt-thread/src/kservice.o
                0x00002b54                rt_malloc
 .text.rt_realloc
                0x00002b9c       0x34 ./rt-thread/src/kservice.o
                0x00002b9c                rt_realloc
 .text.rt_calloc
                0x00002bd0       0x3c ./rt-thread/src/kservice.o
                0x00002bd0                rt_calloc
 .text.rt_free  0x00002c0c       0x38 ./rt-thread/src/kservice.o
                0x00002c0c                rt_free
 .text.rt_memory_info
                0x00002c44       0x2a ./rt-thread/src/kservice.o
                0x00002c44                rt_memory_info
 *fill*         0x00002c6e        0x2 ff
 .text.rt_assert_handler
                0x00002c70       0x4c ./rt-thread/src/kservice.o
                0x00002c70                rt_assert_handler
 .text.plug_holes
                0x00002cbc       0xf8 ./rt-thread/src/mem.o
 .text.rt_smem_init
                0x00002db4      0x104 ./rt-thread/src/mem.o
                0x00002db4                rt_smem_init
 .text.rt_smem_alloc
                0x00002eb8      0x268 ./rt-thread/src/mem.o
                0x00002eb8                rt_smem_alloc
 .text.rt_smem_realloc
                0x00003120      0x1d4 ./rt-thread/src/mem.o
                0x00003120                rt_smem_realloc
 .text.rt_smem_free
                0x000032f4      0x140 ./rt-thread/src/mem.o
                0x000032f4                rt_smem_free
 .text.rt_list_insert_after
                0x00003434       0x32 ./rt-thread/src/object.o
 .text.rt_list_remove
                0x00003466       0x36 ./rt-thread/src/object.o
 .text.rt_object_get_information
                0x0000349c       0x48 ./rt-thread/src/object.o
                0x0000349c                rt_object_get_information
 .text.rt_object_init
                0x000034e4       0xcc ./rt-thread/src/object.o
                0x000034e4                rt_object_init
 .text.rt_object_detach
                0x000035b0       0x5c ./rt-thread/src/object.o
                0x000035b0                rt_object_detach
 .text.rt_object_allocate
                0x0000360c       0xd8 ./rt-thread/src/object.o
                0x0000360c                rt_object_allocate
 .text.rt_object_delete
                0x000036e4       0x7c ./rt-thread/src/object.o
                0x000036e4                rt_object_delete
 .text.rt_object_is_systemobject
                0x00003760       0x3c ./rt-thread/src/object.o
                0x00003760                rt_object_is_systemobject
 .text.rt_object_get_type
                0x0000379c       0x34 ./rt-thread/src/object.o
                0x0000379c                rt_object_get_type
 .text.rt_object_find
                0x000037d0       0xb4 ./rt-thread/src/object.o
                0x000037d0                rt_object_find
 .text.rt_list_init
                0x00003884       0x22 ./rt-thread/src/scheduler.o
 .text.rt_list_insert_before
                0x000038a6       0x32 ./rt-thread/src/scheduler.o
 .text.rt_list_remove
                0x000038d8       0x36 ./rt-thread/src/scheduler.o
 .text.rt_list_isempty
                0x0000390e       0x24 ./rt-thread/src/scheduler.o
 *fill*         0x00003932        0x2 ff
 .text._rt_scheduler_stack_check
                0x00003934       0x94 ./rt-thread/src/scheduler.o
 .text._scheduler_get_highest_priority_thread
                0x000039c8       0x38 ./rt-thread/src/scheduler.o
 .text.rt_system_scheduler_init
                0x00003a00       0x38 ./rt-thread/src/scheduler.o
                0x00003a00                rt_system_scheduler_init
 .text.rt_system_scheduler_start
                0x00003a38       0x38 ./rt-thread/src/scheduler.o
                0x00003a38                rt_system_scheduler_start
 .text.rt_schedule
                0x00003a70      0x19c ./rt-thread/src/scheduler.o
                0x00003a70                rt_schedule
 .text.rt_schedule_insert_thread
                0x00003c0c       0xac ./rt-thread/src/scheduler.o
                0x00003c0c                rt_schedule_insert_thread
 .text.rt_schedule_remove_thread
                0x00003cb8       0x70 ./rt-thread/src/scheduler.o
                0x00003cb8                rt_schedule_remove_thread
 .text.rt_enter_critical
                0x00003d28       0x2c ./rt-thread/src/scheduler.o
                0x00003d28                rt_enter_critical
 .text.rt_exit_critical
                0x00003d54       0x54 ./rt-thread/src/scheduler.o
                0x00003d54                rt_exit_critical
 .text.rt_critical_level
                0x00003da8       0x1c ./rt-thread/src/scheduler.o
                0x00003da8                rt_critical_level
 .text.rt_list_init
                0x00003dc4       0x22 ./rt-thread/src/thread.o
 .text.rt_list_remove
                0x00003de6       0x36 ./rt-thread/src/thread.o
 .text._thread_exit
                0x00003e1c       0x42 ./rt-thread/src/thread.o
 *fill*         0x00003e5e        0x2 ff
 .text._thread_timeout
                0x00003e60       0x8c ./rt-thread/src/thread.o
 .text._thread_init
                0x00003eec       0xfc ./rt-thread/src/thread.o
 .text.rt_thread_init
                0x00003fe8       0x70 ./rt-thread/src/thread.o
                0x00003fe8                rt_thread_init
 .text.rt_thread_self
                0x00004058       0x18 ./rt-thread/src/thread.o
                0x00004058                rt_thread_self
 .text.rt_thread_startup
                0x00004070       0x94 ./rt-thread/src/thread.o
                0x00004070                rt_thread_startup
 .text.rt_thread_detach
                0x00004104       0xb0 ./rt-thread/src/thread.o
                0x00004104                rt_thread_detach
 .text.rt_thread_create
                0x000041b4       0x62 ./rt-thread/src/thread.o
                0x000041b4                rt_thread_create
 *fill*         0x00004216        0x2 ff
 .text.rt_thread_delete
                0x00004218       0xb0 ./rt-thread/src/thread.o
                0x00004218                rt_thread_delete
 .text.rt_thread_sleep
                0x000042c8       0x94 ./rt-thread/src/thread.o
                0x000042c8                rt_thread_sleep
 .text.rt_thread_delay
                0x0000435c       0x18 ./rt-thread/src/thread.o
                0x0000435c                rt_thread_delay
 .text.rt_thread_mdelay
                0x00004374       0x20 ./rt-thread/src/thread.o
                0x00004374                rt_thread_mdelay
 .text.rt_thread_control
                0x00004394       0xfc ./rt-thread/src/thread.o
                0x00004394                rt_thread_control
 .text.rt_thread_suspend
                0x00004490       0xc8 ./rt-thread/src/thread.o
                0x00004490                rt_thread_suspend
 .text.rt_thread_resume
                0x00004558       0x98 ./rt-thread/src/thread.o
                0x00004558                rt_thread_resume
 .text.rt_list_init
                0x000045f0       0x22 ./rt-thread/src/timer.o
 .text.rt_list_insert_after
                0x00004612       0x32 ./rt-thread/src/timer.o
 .text.rt_list_remove
                0x00004644       0x36 ./rt-thread/src/timer.o
 .text.rt_list_isempty
                0x0000467a       0x24 ./rt-thread/src/timer.o
 .text._timer_init
                0x0000469e       0x6a ./rt-thread/src/timer.o
 .text._timer_list_next_timeout
                0x00004708       0x48 ./rt-thread/src/timer.o
 .text._timer_remove
                0x00004750       0x36 ./rt-thread/src/timer.o
 *fill*         0x00004786        0x2 ff
 .text.rt_timer_init
                0x00004788       0x7c ./rt-thread/src/timer.o
                0x00004788                rt_timer_init
 .text.rt_timer_detach
                0x00004804       0x90 ./rt-thread/src/timer.o
                0x00004804                rt_timer_detach
 .text.rt_timer_start
                0x00004894      0x224 ./rt-thread/src/timer.o
                0x00004894                rt_timer_start
 .text.rt_timer_stop
                0x00004ab8       0x94 ./rt-thread/src/timer.o
                0x00004ab8                rt_timer_stop
 .text.rt_timer_control
                0x00004b4c       0xf8 ./rt-thread/src/timer.o
                0x00004b4c                rt_timer_control
 .text.rt_timer_check
                0x00004c44      0x108 ./rt-thread/src/timer.o
                0x00004c44                rt_timer_check
 .text.rt_soft_timer_check
                0x00004d4c      0x11c ./rt-thread/src/timer.o
                0x00004d4c                rt_soft_timer_check
 .text._timer_thread_entry
                0x00004e68       0x5c ./rt-thread/src/timer.o
 .text.rt_system_timer_init
                0x00004ec4       0x34 ./rt-thread/src/timer.o
                0x00004ec4                rt_system_timer_init
 .text.rt_system_timer_thread_init
                0x00004ef8       0x68 ./rt-thread/src/timer.o
                0x00004ef8                rt_system_timer_thread_init
 .text          0x00004f60      0x13c ./rt-thread/libcpu/arm/cortex-m4/context_gcc.o
                0x00004f60                rt_hw_interrupt_disable
                0x00004f68                rt_hw_interrupt_enable
                0x00004f6e                rt_hw_context_switch_interrupt
                0x00004f6e                rt_hw_context_switch
                0x00004f8e                PendSV_Handler
                0x00004ffa                rt_hw_context_switch_to
                0x00005040                rt_hw_interrupt_thread_switch
                0x00005044                HardFault_Handler
 .text.rt_hw_stack_init
                0x0000509c       0x90 ./rt-thread/libcpu/arm/cortex-m4/cpuport.o
                0x0000509c                rt_hw_stack_init
 .text.usage_fault_track
                0x0000512c       0xc4 ./rt-thread/libcpu/arm/cortex-m4/cpuport.o
 .text.bus_fault_track
                0x000051f0       0xcc ./rt-thread/libcpu/arm/cortex-m4/cpuport.o
 .text.mem_manage_fault_track
                0x000052bc       0xb4 ./rt-thread/libcpu/arm/cortex-m4/cpuport.o
 .text.hard_fault_track
                0x00005370       0x78 ./rt-thread/libcpu/arm/cortex-m4/cpuport.o
 .text.rt_hw_hard_fault_exception
                0x000053e8      0x184 ./rt-thread/libcpu/arm/cortex-m4/cpuport.o
                0x000053e8                rt_hw_hard_fault_exception
 .text.__rt_ffs
                0x0000556c       0x2a ./rt-thread/libcpu/arm/cortex-m4/cpuport.o
                0x0000556c                __rt_ffs
 .text._malloc_r
                0x00005596       0x28 ./rt-thread/components/libc/compilers/newlib/syscalls.o
                0x00005596                _malloc_r
 .text._realloc_r
                0x000055be       0x2c ./rt-thread/components/libc/compilers/newlib/syscalls.o
                0x000055be                _realloc_r
 .text._calloc_r
                0x000055ea       0x2c ./rt-thread/components/libc/compilers/newlib/syscalls.o
                0x000055ea                _calloc_r
 .text._free_r  0x00005616       0x18 ./rt-thread/components/libc/compilers/newlib/syscalls.o
                0x00005616                _free_r
 .text.__errno  0x0000562e        0xe ./rt-thread/components/libc/compilers/newlib/syscalls.o
                0x0000562e                __errno
 .text.rt_list_isempty
                0x0000563c       0x24 ./rt-thread/components/finsh/cmd.o
 .text.rt_list_len
                0x00005660       0x36 ./rt-thread/components/finsh/cmd.o
 *fill*         0x00005696        0x2 ff
 .text.clear    0x00005698       0x14 ./rt-thread/components/finsh/cmd.o
 .text.version  0x000056ac        0xe ./rt-thread/components/finsh/cmd.o
                0x000056ac                version
 *fill*         0x000056ba        0x2 ff
 .text.object_split
                0x000056bc       0x28 ./rt-thread/components/finsh/cmd.o
 .text.list_find_init
                0x000056e4       0x46 ./rt-thread/components/finsh/cmd.o
 .text.list_get_next
                0x0000572a       0xc6 ./rt-thread/components/finsh/cmd.o
 .text.list_thread
                0x000057f0      0x208 ./rt-thread/components/finsh/cmd.o
                0x000057f0                list_thread
 .text.show_wait_queue
                0x000059f8       0x54 ./rt-thread/components/finsh/cmd.o
 .text.list_sem
                0x00005a4c      0x12c ./rt-thread/components/finsh/cmd.o
                0x00005a4c                list_sem
 .text.list_event
                0x00005b78      0x118 ./rt-thread/components/finsh/cmd.o
                0x00005b78                list_event
 .text.list_mutex
                0x00005c90       0xe8 ./rt-thread/components/finsh/cmd.o
                0x00005c90                list_mutex
 .text.list_mailbox
                0x00005d78      0x13c ./rt-thread/components/finsh/cmd.o
                0x00005d78                list_mailbox
 .text.list_msgqueue
                0x00005eb4      0x12c ./rt-thread/components/finsh/cmd.o
                0x00005eb4                list_msgqueue
 .text.list_timer
                0x00005fe0      0x128 ./rt-thread/components/finsh/cmd.o
                0x00005fe0                list_timer
 .text.list_device
                0x00006108       0xf0 ./rt-thread/components/finsh/cmd.o
                0x00006108                list_device
 .text.msh_help
                0x000061f8       0x5c ./rt-thread/components/finsh/msh.o
                0x000061f8                msh_help
 .text.cmd_ps   0x00006254       0x18 ./rt-thread/components/finsh/msh.o
                0x00006254                cmd_ps
 .text.cmd_free
                0x0000626c       0x5c ./rt-thread/components/finsh/msh.o
                0x0000626c                cmd_free
 .text.msh_split
                0x000062c8      0x170 ./rt-thread/components/finsh/msh.o
 .text.msh_get_cmd
                0x00006438       0x64 ./rt-thread/components/finsh/msh.o
 .text._msh_exec_cmd
                0x0000649c       0xd4 ./rt-thread/components/finsh/msh.o
 .text.msh_exec
                0x00006570       0x8c ./rt-thread/components/finsh/msh.o
                0x00006570                msh_exec
 .text.str_common
                0x000065fc       0x4a ./rt-thread/components/finsh/msh.o
 *fill*         0x00006646        0x2 ff
 .text.msh_auto_complete
                0x00006648       0xb0 ./rt-thread/components/finsh/msh.o
                0x00006648                msh_auto_complete
 .text.finsh_get_prompt
                0x000066f8       0x7c ./rt-thread/components/finsh/shell.o
                0x000066f8                finsh_get_prompt
 .text.finsh_set_prompt_mode
                0x00006774       0x48 ./rt-thread/components/finsh/shell.o
                0x00006774                finsh_set_prompt_mode
 .text.finsh_getchar
                0x000067bc       0x90 ./rt-thread/components/finsh/shell.o
                0x000067bc                finsh_getchar
 .text.finsh_rx_ind
                0x0000684c       0x3c ./rt-thread/components/finsh/shell.o
 .text.finsh_set_device
                0x00006888       0xd8 ./rt-thread/components/finsh/shell.o
                0x00006888                finsh_set_device
 .text.shell_auto_complete
                0x00006960       0x34 ./rt-thread/components/finsh/shell.o
 .text.shell_handle_history
                0x00006994       0x34 ./rt-thread/components/finsh/shell.o
 .text.shell_push_history
                0x000069c8      0x15e ./rt-thread/components/finsh/shell.o
 *fill*         0x00006b26        0x2 ff
 .text.finsh_thread_entry
                0x00006b28      0x5cc ./rt-thread/components/finsh/shell.o
                0x00006b28                finsh_thread_entry
 .text.finsh_system_function_init
                0x000070f4       0x2c ./rt-thread/components/finsh/shell.o
                0x000070f4                finsh_system_function_init
 .text.finsh_system_init
                0x00007120       0x9c ./rt-thread/components/finsh/shell.o
                0x00007120                finsh_system_init
 .text.rt_serial_get_linear_buffer
                0x000071bc       0x8c ./rt-thread/components/drivers/serial/serial_v2.o
 .text.rt_serial_update_read_index
                0x00007248       0xcc ./rt-thread/components/drivers/serial/serial_v2.o
 .text.rt_serial_update_write_index
                0x00007314       0xe8 ./rt-thread/components/drivers/serial/serial_v2.o
 .text._serial_poll_rx
                0x000073fc       0xa4 ./rt-thread/components/drivers/serial/serial_v2.o
                0x000073fc                _serial_poll_rx
 .text._serial_poll_tx
                0x000074a0       0x9c ./rt-thread/components/drivers/serial/serial_v2.o
                0x000074a0                _serial_poll_tx
 .text._serial_fifo_rx
                0x0000753c       0xf4 ./rt-thread/components/drivers/serial/serial_v2.o
 .text._serial_fifo_tx_blocking_nbuf
                0x00007630       0xb0 ./rt-thread/components/drivers/serial/serial_v2.o
 .text._serial_fifo_tx_blocking_buf
                0x000076e0      0x118 ./rt-thread/components/drivers/serial/serial_v2.o
 .text._serial_fifo_tx_nonblocking
                0x000077f8       0xd4 ./rt-thread/components/drivers/serial/serial_v2.o
 .text.rt_serial_tx_enable
                0x000078cc      0x1e8 ./rt-thread/components/drivers/serial/serial_v2.o
 .text.rt_serial_rx_enable
                0x00007ab4      0x15c ./rt-thread/components/drivers/serial/serial_v2.o
 .text.rt_serial_rx_disable
                0x00007c10       0xb4 ./rt-thread/components/drivers/serial/serial_v2.o
 .text.rt_serial_tx_disable
                0x00007cc4       0xc0 ./rt-thread/components/drivers/serial/serial_v2.o
 .text.rt_serial_init
                0x00007d84       0x5c ./rt-thread/components/drivers/serial/serial_v2.o
 .text.rt_serial_open
                0x00007de0       0xf4 ./rt-thread/components/drivers/serial/serial_v2.o
 .text.rt_serial_close
                0x00007ed4       0x90 ./rt-thread/components/drivers/serial/serial_v2.o
 .text.rt_serial_control
                0x00007f64       0xb8 ./rt-thread/components/drivers/serial/serial_v2.o
 .text.rt_hw_serial_register
                0x0000801c       0x94 ./rt-thread/components/drivers/serial/serial_v2.o
                0x0000801c                rt_hw_serial_register
 .text.rt_hw_serial_isr
                0x000080b0      0x210 ./rt-thread/components/drivers/serial/serial_v2.o
                0x000080b0                rt_hw_serial_isr
 .text.rt_sensor_cb
                0x000082c0       0x84 ./rt-thread/components/drivers/sensors/sensor.o
                0x000082c0                rt_sensor_cb
 .text.irq_callback
                0x00008344       0x54 ./rt-thread/components/drivers/sensors/sensor.o
 .text.rt_sensor_irq_init
                0x00008398       0xc4 ./rt-thread/components/drivers/sensors/sensor.o
 .text.local_fetch_data
                0x0000845c       0x1a ./rt-thread/components/drivers/sensors/sensor.o
 .text.local_control
                0x00008476       0x1a ./rt-thread/components/drivers/sensors/sensor.o
 .text.rt_sensor_open
                0x00008490      0x188 ./rt-thread/components/drivers/sensors/sensor.o
 .text.rt_sensor_close
                0x00008618      0x168 ./rt-thread/components/drivers/sensors/sensor.o
 .text.rt_sensor_read
                0x00008780       0xe8 ./rt-thread/components/drivers/sensors/sensor.o
 .text.rt_sensor_control
                0x00008868      0x16c ./rt-thread/components/drivers/sensors/sensor.o
 .text.rt_hw_sensor_register
                0x000089d4      0x1c0 ./rt-thread/components/drivers/sensors/sensor.o
                0x000089d4                rt_hw_sensor_register
 .text.sensor_show_data
                0x00008b94      0x408 ./rt-thread/components/drivers/sensors/sensor_cmd.o
 .text.rx_callback
                0x00008f9c       0x24 ./rt-thread/components/drivers/sensors/sensor_cmd.o
 .text.sensor_fifo_rx_entry
                0x00008fc0       0xb0 ./rt-thread/components/drivers/sensors/sensor_cmd.o
 .text.sensor_fifo
                0x00009070      0x108 ./rt-thread/components/drivers/sensors/sensor_cmd.o
 .text.sensor_irq_rx_entry
                0x00009178       0x50 ./rt-thread/components/drivers/sensors/sensor_cmd.o
 .text.sensor_int
                0x000091c8      0x108 ./rt-thread/components/drivers/sensors/sensor_cmd.o
 .text.sensor_polling
                0x000092d0      0x10c ./rt-thread/components/drivers/sensors/sensor_cmd.o
 .text.sensor   0x000093dc      0x5f0 ./rt-thread/components/drivers/sensors/sensor_cmd.o
 .text._adc_read
                0x000099cc       0x5c ./rt-thread/components/drivers/misc/adc.o
 .text._adc_control
                0x00009a28       0x5c ./rt-thread/components/drivers/misc/adc.o
 .text.rt_hw_adc_register
                0x00009a84       0x94 ./rt-thread/components/drivers/misc/adc.o
                0x00009a84                rt_hw_adc_register
 .text.rt_adc_read
                0x00009b18       0x3c ./rt-thread/components/drivers/misc/adc.o
                0x00009b18                rt_adc_read
 .text.rt_adc_enable
                0x00009b54       0x54 ./rt-thread/components/drivers/misc/adc.o
                0x00009b54                rt_adc_enable
 .text.rt_adc_disable
                0x00009ba8       0x54 ./rt-thread/components/drivers/misc/adc.o
                0x00009ba8                rt_adc_disable
 .text.adc      0x00009bfc      0x23c ./rt-thread/components/drivers/misc/adc.o
 .text._pin_read
                0x00009e38       0x60 ./rt-thread/components/drivers/misc/pin.o
 .text._pin_write
                0x00009e98       0x5c ./rt-thread/components/drivers/misc/pin.o
 .text._pin_control
                0x00009ef4       0x58 ./rt-thread/components/drivers/misc/pin.o
 .text.rt_device_pin_register
                0x00009f4c       0x74 ./rt-thread/components/drivers/misc/pin.o
                0x00009f4c                rt_device_pin_register
 .text.rt_pin_attach_irq
                0x00009fc0       0x5c ./rt-thread/components/drivers/misc/pin.o
                0x00009fc0                rt_pin_attach_irq
 .text.rt_pin_irq_enable
                0x0000a01c       0x50 ./rt-thread/components/drivers/misc/pin.o
                0x0000a01c                rt_pin_irq_enable
 .text.rt_pin_mode
                0x0000a06c       0x40 ./rt-thread/components/drivers/misc/pin.o
                0x0000a06c                rt_pin_mode
 .text.rt_pin_write
                0x0000a0ac       0x40 ./rt-thread/components/drivers/misc/pin.o
                0x0000a0ac                rt_pin_write
 .text.rt_pin_read
                0x0000a0ec       0x3c ./rt-thread/components/drivers/misc/pin.o
                0x0000a0ec                rt_pin_read
 .text._pwm_control
                0x0000a128       0x38 ./rt-thread/components/drivers/misc/rt_drv_pwm.o
 .text._pwm_read
                0x0000a160       0x62 ./rt-thread/components/drivers/misc/rt_drv_pwm.o
 .text._pwm_write
                0x0000a1c2       0x7e ./rt-thread/components/drivers/misc/rt_drv_pwm.o
 .text.rt_device_pwm_register
                0x0000a240       0x78 ./rt-thread/components/drivers/misc/rt_drv_pwm.o
                0x0000a240                rt_device_pwm_register
 .text.rt_pwm_enable
                0x0000a2b8       0x5a ./rt-thread/components/drivers/misc/rt_drv_pwm.o
                0x0000a2b8                rt_pwm_enable
 .text.rt_pwm_disable
                0x0000a312       0x5a ./rt-thread/components/drivers/misc/rt_drv_pwm.o
                0x0000a312                rt_pwm_disable
 .text.rt_pwm_set
                0x0000a36c       0x52 ./rt-thread/components/drivers/misc/rt_drv_pwm.o
                0x0000a36c                rt_pwm_set
 .text.rt_pwm_get
                0x0000a3be       0x32 ./rt-thread/components/drivers/misc/rt_drv_pwm.o
                0x0000a3be                rt_pwm_get
 .text.pwm_enable
                0x0000a3f0       0x74 ./rt-thread/components/drivers/misc/rt_drv_pwm.o
 .text.pwm_disable
                0x0000a464       0x74 ./rt-thread/components/drivers/misc/rt_drv_pwm.o
 .text.pwm_set  0x0000a4d8       0x94 ./rt-thread/components/drivers/misc/rt_drv_pwm.o
 .text.pwm_get  0x0000a56c      0x120 ./rt-thread/components/drivers/misc/rt_drv_pwm.o
 .text.rt_list_init
                0x0000a68c       0x22 ./rt-thread/components/drivers/ipc/completion.o
 .text.rt_list_insert_before
                0x0000a6ae       0x32 ./rt-thread/components/drivers/ipc/completion.o
 .text.rt_list_isempty
                0x0000a6e0       0x24 ./rt-thread/components/drivers/ipc/completion.o
 .text.rt_completion_init
                0x0000a704       0x44 ./rt-thread/components/drivers/ipc/completion.o
                0x0000a704                rt_completion_init
 .text.rt_completion_wait
                0x0000a748      0x15c ./rt-thread/components/drivers/ipc/completion.o
                0x0000a748                rt_completion_wait
 .text.rt_completion_done
                0x0000a8a4       0x70 ./rt-thread/components/drivers/ipc/completion.o
                0x0000a8a4                rt_completion_done
 .text.rt_ringbuffer_status
                0x0000a914       0x4e ./rt-thread/components/drivers/ipc/ringbuffer.o
 *fill*         0x0000a962        0x2 ff
 .text.rt_ringbuffer_init
                0x0000a964       0xa0 ./rt-thread/components/drivers/ipc/ringbuffer.o
                0x0000a964                rt_ringbuffer_init
 .text.rt_ringbuffer_put
                0x0000aa04      0x16c ./rt-thread/components/drivers/ipc/ringbuffer.o
                0x0000aa04                rt_ringbuffer_put
 .text.rt_ringbuffer_get
                0x0000ab70      0x15c ./rt-thread/components/drivers/ipc/ringbuffer.o
                0x0000ab70                rt_ringbuffer_get
 .text.rt_ringbuffer_putchar
                0x0000accc       0xbc ./rt-thread/components/drivers/ipc/ringbuffer.o
                0x0000accc                rt_ringbuffer_putchar
 .text.rt_ringbuffer_data_len
                0x0000ad88       0x66 ./rt-thread/components/drivers/ipc/ringbuffer.o
                0x0000ad88                rt_ringbuffer_data_len
 .text.i2c_delay
                0x0000adee       0x20 ./rt-thread/components/drivers/i2c/i2c-bit-ops.o
 .text.i2c_delay2
                0x0000ae0e       0x1c ./rt-thread/components/drivers/i2c/i2c-bit-ops.o
 .text.SCL_H    0x0000ae2a       0x72 ./rt-thread/components/drivers/i2c/i2c-bit-ops.o
 .text.i2c_start
                0x0000ae9c       0x32 ./rt-thread/components/drivers/i2c/i2c-bit-ops.o
 .text.i2c_restart
                0x0000aece       0x4c ./rt-thread/components/drivers/i2c/i2c-bit-ops.o
 .text.i2c_stop
                0x0000af1a       0x44 ./rt-thread/components/drivers/i2c/i2c-bit-ops.o
 *fill*         0x0000af5e        0x2 ff
 .text.i2c_waitack
                0x0000af60       0x80 ./rt-thread/components/drivers/i2c/i2c-bit-ops.o
 .text.i2c_writeb
                0x0000afe0       0x8c ./rt-thread/components/drivers/i2c/i2c-bit-ops.o
 .text.i2c_readb
                0x0000b06c       0x88 ./rt-thread/components/drivers/i2c/i2c-bit-ops.o
 .text.i2c_send_bytes
                0x0000b0f4       0x98 ./rt-thread/components/drivers/i2c/i2c-bit-ops.o
 .text.i2c_send_ack_or_nack
                0x0000b18c       0x74 ./rt-thread/components/drivers/i2c/i2c-bit-ops.o
 .text.i2c_recv_bytes
                0x0000b200       0x7c ./rt-thread/components/drivers/i2c/i2c-bit-ops.o
 .text.i2c_send_address
                0x0000b27c       0x62 ./rt-thread/components/drivers/i2c/i2c-bit-ops.o
 *fill*         0x0000b2de        0x2 ff
 .text.i2c_bit_send_address
                0x0000b2e0      0x164 ./rt-thread/components/drivers/i2c/i2c-bit-ops.o
 .text.i2c_bit_xfer
                0x0000b444      0x106 ./rt-thread/components/drivers/i2c/i2c-bit-ops.o
 *fill*         0x0000b54a        0x2 ff
 .text.rt_i2c_bit_add_bus
                0x0000b54c       0x28 ./rt-thread/components/drivers/i2c/i2c-bit-ops.o
                0x0000b54c                rt_i2c_bit_add_bus
 .text.rt_i2c_bus_device_register
                0x0000b574       0x64 ./rt-thread/components/drivers/i2c/i2c_core.o
                0x0000b574                rt_i2c_bus_device_register
 .text.rt_i2c_bus_device_find
                0x0000b5d8       0x54 ./rt-thread/components/drivers/i2c/i2c_core.o
                0x0000b5d8                rt_i2c_bus_device_find
 .text.rt_i2c_transfer
                0x0000b62c       0x6c ./rt-thread/components/drivers/i2c/i2c_core.o
                0x0000b62c                rt_i2c_transfer
 .text.rt_i2c_control
                0x0000b698       0x54 ./rt-thread/components/drivers/i2c/i2c_core.o
                0x0000b698                rt_i2c_control
 .text.rt_i2c_master_send
                0x0000b6ec       0x4a ./rt-thread/components/drivers/i2c/i2c_core.o
                0x0000b6ec                rt_i2c_master_send
 *fill*         0x0000b736        0x2 ff
 .text.rt_i2c_master_recv
                0x0000b738       0x68 ./rt-thread/components/drivers/i2c/i2c_core.o
                0x0000b738                rt_i2c_master_recv
 .text.rt_i2c_core_init
                0x0000b7a0       0x10 ./rt-thread/components/drivers/i2c/i2c_core.o
                0x0000b7a0                rt_i2c_core_init
 .text.i2c_bus_device_read
                0x0000b7b0       0x64 ./rt-thread/components/drivers/i2c/i2c_dev.o
 .text.i2c_bus_device_write
                0x0000b814       0x64 ./rt-thread/components/drivers/i2c/i2c_dev.o
 .text.i2c_bus_device_control
                0x0000b878       0xc4 ./rt-thread/components/drivers/i2c/i2c_dev.o
 .text.rt_i2c_bus_device_device_init
                0x0000b93c       0x78 ./rt-thread/components/drivers/i2c/i2c_dev.o
                0x0000b93c                rt_i2c_bus_device_device_init
 .text.main     0x0000b9b4        0xe ./ra_gen/main.o
                0x0000b9b4                main
 .text.R_FSP_CurrentIrqGet
                0x0000b9c2       0x2c ./ra/fsp/src/r_sci_uart/r_sci_uart.o
 *fill*         0x0000b9ee        0x2 ff
 .text.R_FSP_IsrContextSet
                0x0000b9f0       0x28 ./ra/fsp/src/r_sci_uart/r_sci_uart.o
 .text.R_BSP_IrqStatusClear
                0x0000ba18       0x30 ./ra/fsp/src/r_sci_uart/r_sci_uart.o
 .text.R_BSP_IrqClearPending
                0x0000ba48       0x40 ./ra/fsp/src/r_sci_uart/r_sci_uart.o
 .text.R_BSP_IrqCfg
                0x0000ba88       0x3c ./ra/fsp/src/r_sci_uart/r_sci_uart.o
 .text.R_BSP_IrqEnableNoClear
                0x0000bac4       0x38 ./ra/fsp/src/r_sci_uart/r_sci_uart.o
 .text.R_BSP_IrqEnable
                0x0000bafc       0x26 ./ra/fsp/src/r_sci_uart/r_sci_uart.o
 *fill*         0x0000bb22        0x2 ff
 .text.R_BSP_IrqDisable
                0x0000bb24       0x48 ./ra/fsp/src/r_sci_uart/r_sci_uart.o
 .text.R_FSP_IsrContextGet
                0x0000bb6c       0x24 ./ra/fsp/src/r_sci_uart/r_sci_uart.o
 .text.R_SCI_UART_Open
                0x0000bb90      0x1ac ./ra/fsp/src/r_sci_uart/r_sci_uart.o
                0x0000bb90                R_SCI_UART_Open
 .text.r_sci_uart_config_set
                0x0000bd3c      0x120 ./ra/fsp/src/r_sci_uart/r_sci_uart.o
 .text.r_sci_irq_cfg
                0x0000be5c       0x3a ./ra/fsp/src/r_sci_uart/r_sci_uart.o
 .text.r_sci_irqs_cfg
                0x0000be96       0x5a ./ra/fsp/src/r_sci_uart/r_sci_uart.o
 .text.r_sci_uart_baud_set
                0x0000bef0       0x58 ./ra/fsp/src/r_sci_uart/r_sci_uart.o
 .text.r_sci_uart_call_callback
                0x0000bf48       0x76 ./ra/fsp/src/r_sci_uart/r_sci_uart.o
 .text.sci_uart_txi_isr
                0x0000bfbe       0xd0 ./ra/fsp/src/r_sci_uart/r_sci_uart.o
                0x0000bfbe                sci_uart_txi_isr
 .text.sci_uart_rxi_isr
                0x0000c08e       0xbc ./ra/fsp/src/r_sci_uart/r_sci_uart.o
                0x0000c08e                sci_uart_rxi_isr
 .text.sci_uart_tei_isr
                0x0000c14a       0x4a ./ra/fsp/src/r_sci_uart/r_sci_uart.o
                0x0000c14a                sci_uart_tei_isr
 .text.sci_uart_eri_isr
                0x0000c194       0xa8 ./ra/fsp/src/r_sci_uart/r_sci_uart.o
                0x0000c194                sci_uart_eri_isr
 .text.R_BSP_PinRead
                0x0000c23c       0x38 ./ra/fsp/src/r_ioport/r_ioport.o
 .text.R_BSP_PinAccessEnable
                0x0000c274       0x60 ./ra/fsp/src/r_ioport/r_ioport.o
 .text.R_BSP_PinAccessDisable
                0x0000c2d4       0x68 ./ra/fsp/src/r_ioport/r_ioport.o
 .text.R_IOPORT_Open
                0x0000c33c       0x28 ./ra/fsp/src/r_ioport/r_ioport.o
                0x0000c33c                R_IOPORT_Open
 .text.R_IOPORT_Close
                0x0000c364       0x20 ./ra/fsp/src/r_ioport/r_ioport.o
                0x0000c364                R_IOPORT_Close
 .text.R_IOPORT_PinsCfg
                0x0000c384       0x1a ./ra/fsp/src/r_ioport/r_ioport.o
                0x0000c384                R_IOPORT_PinsCfg
 .text.R_IOPORT_PinCfg
                0x0000c39e       0x46 ./ra/fsp/src/r_ioport/r_ioport.o
                0x0000c39e                R_IOPORT_PinCfg
 .text.R_IOPORT_PinRead
                0x0000c3e4       0x28 ./ra/fsp/src/r_ioport/r_ioport.o
                0x0000c3e4                R_IOPORT_PinRead
 .text.R_IOPORT_PortRead
                0x0000c40c       0x3a ./ra/fsp/src/r_ioport/r_ioport.o
                0x0000c40c                R_IOPORT_PortRead
 .text.R_IOPORT_PortWrite
                0x0000c446       0x62 ./ra/fsp/src/r_ioport/r_ioport.o
                0x0000c446                R_IOPORT_PortWrite
 .text.R_IOPORT_PinWrite
                0x0000c4a8       0x6e ./ra/fsp/src/r_ioport/r_ioport.o
                0x0000c4a8                R_IOPORT_PinWrite
 .text.R_IOPORT_PortDirectionSet
                0x0000c516       0x72 ./ra/fsp/src/r_ioport/r_ioport.o
                0x0000c516                R_IOPORT_PortDirectionSet
 .text.R_IOPORT_PortEventInputRead
                0x0000c588       0x3e ./ra/fsp/src/r_ioport/r_ioport.o
                0x0000c588                R_IOPORT_PortEventInputRead
 .text.R_IOPORT_PinEventInputRead
                0x0000c5c6       0x62 ./ra/fsp/src/r_ioport/r_ioport.o
                0x0000c5c6                R_IOPORT_PinEventInputRead
 .text.R_IOPORT_PortEventOutputWrite
                0x0000c628       0x62 ./ra/fsp/src/r_ioport/r_ioport.o
                0x0000c628                R_IOPORT_PortEventOutputWrite
 .text.R_IOPORT_PinEventOutputWrite
                0x0000c68a       0x5e ./ra/fsp/src/r_ioport/r_ioport.o
                0x0000c68a                R_IOPORT_PinEventOutputWrite
 .text.R_IOPORT_EthernetModeCfg
                0x0000c6e8       0x28 ./ra/fsp/src/r_ioport/r_ioport.o
                0x0000c6e8                R_IOPORT_EthernetModeCfg
 .text.r_ioport_pins_config
                0x0000c710       0x56 ./ra/fsp/src/r_ioport/r_ioport.o
 .text.r_ioport_hw_pin_event_output_data_write
                0x0000c766       0x88 ./ra/fsp/src/r_ioport/r_ioport.o
 *fill*         0x0000c7ee        0x2 ff
 .text.r_ioport_pfs_write
                0x0000c7f0       0x78 ./ra/fsp/src/r_ioport/r_ioport.o
 .text.bsp_vbatt_init
                0x0000c868       0xd8 ./ra/fsp/src/r_ioport/r_ioport.o
 .text.R_FSP_CurrentIrqGet
                0x0000c940       0x2c ./ra/fsp/src/r_icu/r_icu.o
 .text.R_FSP_IsrContextSet
                0x0000c96c       0x28 ./ra/fsp/src/r_icu/r_icu.o
 .text.R_BSP_IrqStatusClear
                0x0000c994       0x30 ./ra/fsp/src/r_icu/r_icu.o
 .text.R_BSP_IrqClearPending
                0x0000c9c4       0x40 ./ra/fsp/src/r_icu/r_icu.o
 .text.R_BSP_IrqCfg
                0x0000ca04       0x3c ./ra/fsp/src/r_icu/r_icu.o
 .text.R_BSP_IrqEnableNoClear
                0x0000ca40       0x38 ./ra/fsp/src/r_icu/r_icu.o
 .text.R_BSP_IrqEnable
                0x0000ca78       0x26 ./ra/fsp/src/r_icu/r_icu.o
 *fill*         0x0000ca9e        0x2 ff
 .text.R_BSP_IrqDisable
                0x0000caa0       0x48 ./ra/fsp/src/r_icu/r_icu.o
 .text.R_FSP_IsrContextGet
                0x0000cae8       0x24 ./ra/fsp/src/r_icu/r_icu.o
 .text.R_ICU_ExternalIrqOpen
                0x0000cb0c       0xcc ./ra/fsp/src/r_icu/r_icu.o
                0x0000cb0c                R_ICU_ExternalIrqOpen
 .text.R_ICU_ExternalIrqEnable
                0x0000cbd8       0x22 ./ra/fsp/src/r_icu/r_icu.o
                0x0000cbd8                R_ICU_ExternalIrqEnable
 .text.R_ICU_ExternalIrqDisable
                0x0000cbfa       0x22 ./ra/fsp/src/r_icu/r_icu.o
                0x0000cbfa                R_ICU_ExternalIrqDisable
 .text.R_ICU_ExternalIrqClose
                0x0000cc1c       0x40 ./ra/fsp/src/r_icu/r_icu.o
                0x0000cc1c                R_ICU_ExternalIrqClose
 .text.r_icu_isr
                0x0000cc5c       0x80 ./ra/fsp/src/r_icu/r_icu.o
                0x0000cc5c                r_icu_isr
 .text.R_FSP_SystemClockHzGet
                0x0000ccdc       0x4c ./ra/fsp/src/r_gpt/r_gpt.o
 .text.R_FSP_IsrContextSet
                0x0000cd28       0x28 ./ra/fsp/src/r_gpt/r_gpt.o
 .text.R_BSP_IrqStatusClear
                0x0000cd50       0x30 ./ra/fsp/src/r_gpt/r_gpt.o
 .text.R_BSP_IrqClearPending
                0x0000cd80       0x40 ./ra/fsp/src/r_gpt/r_gpt.o
 .text.R_BSP_IrqCfg
                0x0000cdc0       0x3c ./ra/fsp/src/r_gpt/r_gpt.o
 .text.R_BSP_IrqEnableNoClear
                0x0000cdfc       0x38 ./ra/fsp/src/r_gpt/r_gpt.o
 .text.R_BSP_IrqEnable
                0x0000ce34       0x26 ./ra/fsp/src/r_gpt/r_gpt.o
 *fill*         0x0000ce5a        0x2 ff
 .text.R_BSP_IrqDisable
                0x0000ce5c       0x48 ./ra/fsp/src/r_gpt/r_gpt.o
 .text.R_BSP_IrqCfgEnable
                0x0000cea4       0x2e ./ra/fsp/src/r_gpt/r_gpt.o
 *fill*         0x0000ced2        0x2 ff
 .text.R_GPT_Open
                0x0000ced4       0x44 ./ra/fsp/src/r_gpt/r_gpt.o
                0x0000ced4                R_GPT_Open
 .text.R_GPT_Stop
                0x0000cf18       0x24 ./ra/fsp/src/r_gpt/r_gpt.o
                0x0000cf18                R_GPT_Stop
 .text.R_GPT_Start
                0x0000cf3c       0x24 ./ra/fsp/src/r_gpt/r_gpt.o
                0x0000cf3c                R_GPT_Start
 .text.R_GPT_Reset
                0x0000cf60       0x24 ./ra/fsp/src/r_gpt/r_gpt.o
                0x0000cf60                R_GPT_Reset
 .text.R_GPT_Enable
                0x0000cf84       0x90 ./ra/fsp/src/r_gpt/r_gpt.o
                0x0000cf84                R_GPT_Enable
 .text.R_GPT_Disable
                0x0000d014       0x32 ./ra/fsp/src/r_gpt/r_gpt.o
                0x0000d014                R_GPT_Disable
 .text.R_GPT_PeriodSet
                0x0000d046       0x8a ./ra/fsp/src/r_gpt/r_gpt.o
                0x0000d046                R_GPT_PeriodSet
 .text.R_GPT_DutyCycleSet
                0x0000d0d0      0x104 ./ra/fsp/src/r_gpt/r_gpt.o
                0x0000d0d0                R_GPT_DutyCycleSet
 .text.R_GPT_InfoGet
                0x0000d1d4       0x3e ./ra/fsp/src/r_gpt/r_gpt.o
                0x0000d1d4                R_GPT_InfoGet
 .text.R_GPT_StatusGet
                0x0000d212       0x38 ./ra/fsp/src/r_gpt/r_gpt.o
                0x0000d212                R_GPT_StatusGet
 .text.R_GPT_CallbackSet
                0x0000d24a       0x32 ./ra/fsp/src/r_gpt/r_gpt.o
                0x0000d24a                R_GPT_CallbackSet
 .text.R_GPT_Close
                0x0000d27c       0x76 ./ra/fsp/src/r_gpt/r_gpt.o
                0x0000d27c                R_GPT_Close
 .text.r_gpt_write_protect_enable
                0x0000d2f2       0x16 ./ra/fsp/src/r_gpt/r_gpt.o
 .text.r_gpt_write_protect_disable
                0x0000d308       0x16 ./ra/fsp/src/r_gpt/r_gpt.o
 *fill*         0x0000d31e        0x2 ff
 .text.gpt_common_open
                0x0000d320       0x64 ./ra/fsp/src/r_gpt/r_gpt.o
 .text.gpt_hardware_initialize
                0x0000d384      0x23c ./ra/fsp/src/r_gpt/r_gpt.o
 .text.gpt_hardware_events_disable
                0x0000d5c0       0x42 ./ra/fsp/src/r_gpt/r_gpt.o
 .text.r_gpt_disable_irq
                0x0000d602       0x30 ./ra/fsp/src/r_gpt/r_gpt.o
 .text.r_gpt_enable_irq
                0x0000d632       0x2c ./ra/fsp/src/r_gpt/r_gpt.o
 .text.gpt_calculate_duty_cycle
                0x0000d65e       0xea ./ra/fsp/src/r_gpt/r_gpt.o
 .text.gpt_clock_frequency_get
                0x0000d748       0x2e ./ra/fsp/src/r_gpt/r_gpt.o
 .text.gpt_gtior_calculate
                0x0000d776       0x48 ./ra/fsp/src/r_gpt/r_gpt.o
 *fill*         0x0000d7be        0x2 ff
 .text.R_FSP_SystemClockHzGet
                0x0000d7c0       0x4c ./ra/fsp/src/r_adc/r_adc.o
 .text.R_FSP_IsrContextSet
                0x0000d80c       0x28 ./ra/fsp/src/r_adc/r_adc.o
 .text.R_BSP_IrqStatusClear
                0x0000d834       0x30 ./ra/fsp/src/r_adc/r_adc.o
 .text.R_BSP_IrqClearPending
                0x0000d864       0x40 ./ra/fsp/src/r_adc/r_adc.o
 .text.R_BSP_IrqCfg
                0x0000d8a4       0x3c ./ra/fsp/src/r_adc/r_adc.o
 .text.R_BSP_IrqEnableNoClear
                0x0000d8e0       0x38 ./ra/fsp/src/r_adc/r_adc.o
 .text.R_BSP_IrqEnable
                0x0000d918       0x26 ./ra/fsp/src/r_adc/r_adc.o
 .text.R_BSP_IrqCfgEnable
                0x0000d93e       0x2e ./ra/fsp/src/r_adc/r_adc.o
 .text.R_ADC_Open
                0x0000d96c       0xbc ./ra/fsp/src/r_adc/r_adc.o
                0x0000d96c                R_ADC_Open
 .text.R_ADC_ScanCfg
                0x0000da28       0x30 ./ra/fsp/src/r_adc/r_adc.o
                0x0000da28                R_ADC_ScanCfg
 .text.R_ADC_ScanStart
                0x0000da58       0x24 ./ra/fsp/src/r_adc/r_adc.o
                0x0000da58                R_ADC_ScanStart
 .text.R_ADC_ScanStop
                0x0000da7c       0x22 ./ra/fsp/src/r_adc/r_adc.o
                0x0000da7c                R_ADC_ScanStop
 .text.R_ADC_Read
                0x0000da9e       0x34 ./ra/fsp/src/r_adc/r_adc.o
                0x0000da9e                R_ADC_Read
 .text.R_ADC_Read32
                0x0000dad2       0x5a ./ra/fsp/src/r_adc/r_adc.o
                0x0000dad2                R_ADC_Read32
 .text.r_adc_open_sub
                0x0000db2c      0x148 ./ra/fsp/src/r_adc/r_adc.o
 .text.r_adc_sensor_cfg
                0x0000dc74      0x110 ./ra/fsp/src/r_adc/r_adc.o
 .text.r_adc_sensor_sample_state_calculation
                0x0000dd84       0x50 ./ra/fsp/src/r_adc/r_adc.o
 .text.r_adc_scan_cfg
                0x0000ddd4      0x1e4 ./ra/fsp/src/r_adc/r_adc.o
 .text.r_adc_irq_enable
                0x0000dfb8       0x2e ./ra/fsp/src/r_adc/r_adc.o
 *fill*         0x0000dfe6        0x2 ff
 .text.R_BSP_FlashCacheEnable
                0x0000dfe8       0x40 ./ra/fsp/src/bsp/mcu/all/bsp_clocks.o
 .text.SystemCoreClockUpdate
                0x0000e028       0x40 ./ra/fsp/src/bsp/mcu/all/bsp_clocks.o
                0x0000e028                SystemCoreClockUpdate
 .text.bsp_prv_clock_set_hard_reset
                0x0000e068       0x30 ./ra/fsp/src/bsp/mcu/all/bsp_clocks.o
 .text.bsp_clock_freq_var_init
                0x0000e098       0x48 ./ra/fsp/src/bsp/mcu/all/bsp_clocks.o
 .text.bsp_clock_init
                0x0000e0e0       0xa4 ./ra/fsp/src/bsp/mcu/all/bsp_clocks.o
                0x0000e0e0                bsp_clock_init
 .text.bsp_init_internal
                0x0000e184       0x14 ./ra/fsp/src/bsp/mcu/all/bsp_common.o
                0x0000e184                bsp_init_internal
                0x0000e184                bsp_init
 .text.__assert_func
                0x0000e198       0x12 ./ra/fsp/src/bsp/mcu/all/bsp_common.o
                0x0000e198                __assert_func
 *fill*         0x0000e1aa        0x2 ff
 .text.bsp_group_irq_call
                0x0000e1ac       0x30 ./ra/fsp/src/bsp/mcu/all/bsp_group_irq.o
 .text.NMI_Handler
                0x0000e1dc       0x4c ./ra/fsp/src/bsp/mcu/all/bsp_group_irq.o
                0x0000e1dc                NMI_Handler
 .text.bsp_irq_cfg
                0x0000e228      0x104 ./ra/fsp/src/bsp/mcu/all/bsp_irq.o
                0x0000e228                bsp_irq_cfg
 .text.R_BSP_RegisterProtectEnable
                0x0000e32c       0xa0 ./ra/fsp/src/bsp/mcu/all/bsp_register_protection.o
                0x0000e32c                R_BSP_RegisterProtectEnable
 .text.R_BSP_RegisterProtectDisable
                0x0000e3cc       0x90 ./ra/fsp/src/bsp/mcu/all/bsp_register_protection.o
                0x0000e3cc                R_BSP_RegisterProtectDisable
 .text.Reset_Handler
                0x0000e45c        0xe ./ra/fsp/src/bsp/cmsis/Device/RENESAS/Source/startup.o
                0x0000e45c                Reset_Handler
 .text.Default_Handler
                0x0000e46a       0x10 ./ra/fsp/src/bsp/cmsis/Device/RENESAS/Source/startup.o
                0x0000e46a                UsageFault_Handler
                0x0000e46a                SecureFault_Handler
                0x0000e46a                Default_Handler
                0x0000e46a                MemManage_Handler
                0x0000e46a                SVC_Handler
                0x0000e46a                BusFault_Handler
                0x0000e46a                DebugMon_Handler
 *fill*         0x0000e47a        0x2 ff
 .text.SystemInit
                0x0000e47c       0xf0 ./ra/fsp/src/bsp/cmsis/Device/RENESAS/Source/system.o
                0x0000e47c                SystemInit
 .text.ssd1306_Reset
                0x0000e56c        0xe ./packages/ssd1306-latest/src/ssd1306.o
                0x0000e56c                ssd1306_Reset
 *fill*         0x0000e57a        0x2 ff
 .text.ssd1306_WriteCommand
                0x0000e57c       0x34 ./packages/ssd1306-latest/src/ssd1306.o
                0x0000e57c                ssd1306_WriteCommand
 .text.ssd1306_WriteData
                0x0000e5b0       0x50 ./packages/ssd1306-latest/src/ssd1306.o
                0x0000e5b0                ssd1306_WriteData
 .text.ssd1306_Init
                0x0000e600      0x110 ./packages/ssd1306-latest/src/ssd1306.o
                0x0000e600                ssd1306_Init
 .text.ssd1306_Fill
                0x0000e710       0x48 ./packages/ssd1306-latest/src/ssd1306.o
                0x0000e710                ssd1306_Fill
 .text.ssd1306_UpdateScreen
                0x0000e758       0x50 ./packages/ssd1306-latest/src/ssd1306.o
                0x0000e758                ssd1306_UpdateScreen
 .text.ssd1306_DrawPixel
                0x0000e7a8       0xc0 ./packages/ssd1306-latest/src/ssd1306.o
                0x0000e7a8                ssd1306_DrawPixel
 .text.ssd1306_WriteChar
                0x0000e868      0x110 ./packages/ssd1306-latest/src/ssd1306.o
                0x0000e868                ssd1306_WriteChar
 .text.ssd1306_WriteString
                0x0000e978       0x4c ./packages/ssd1306-latest/src/ssd1306.o
                0x0000e978                ssd1306_WriteString
 .text.ssd1306_SetCursor
                0x0000e9c4       0x30 ./packages/ssd1306-latest/src/ssd1306.o
                0x0000e9c4                ssd1306_SetCursor
 .text.ssd1306_Line
                0x0000e9f4       0xd8 ./packages/ssd1306-latest/src/ssd1306.o
                0x0000e9f4                ssd1306_Line
 .text.ssd1306_Polyline
                0x0000eacc       0x74 ./packages/ssd1306-latest/src/ssd1306.o
                0x0000eacc                ssd1306_Polyline
 .text.ssd1306_DegToRad
                0x0000eb40       0x54 ./packages/ssd1306-latest/src/ssd1306.o
 .text.ssd1306_NormalizeTo0_360
                0x0000eb94       0x54 ./packages/ssd1306-latest/src/ssd1306.o
 .text.ssd1306_DrawArc
                0x0000ebe8      0x218 ./packages/ssd1306-latest/src/ssd1306.o
                0x0000ebe8                ssd1306_DrawArc
 .text.ssd1306_DrawCircle
                0x0000ee00      0x10e ./packages/ssd1306-latest/src/ssd1306.o
                0x0000ee00                ssd1306_DrawCircle
 .text.ssd1306_DrawRectangle
                0x0000ef0e       0x6e ./packages/ssd1306-latest/src/ssd1306.o
                0x0000ef0e                ssd1306_DrawRectangle
 .text.ssd1306_SetContrast
                0x0000ef7c       0x26 ./packages/ssd1306-latest/src/ssd1306.o
                0x0000ef7c                ssd1306_SetContrast
 *fill*         0x0000efa2        0x2 ff
 .text.ssd1306_SetDisplayOn
                0x0000efa4       0x3c ./packages/ssd1306-latest/src/ssd1306.o
                0x0000efa4                ssd1306_SetDisplayOn
 .text.ssd1306_TestBorder
                0x0000efe0       0xa4 ./packages/ssd1306-latest/examples/ssd1306_tests.o
                0x0000efe0                ssd1306_TestBorder
 .text.ssd1306_TestFonts
                0x0000f084       0x84 ./packages/ssd1306-latest/examples/ssd1306_tests.o
                0x0000f084                ssd1306_TestFonts
 .text.ssd1306_TestFPS
                0x0000f108      0x128 ./packages/ssd1306-latest/examples/ssd1306_tests.o
                0x0000f108                ssd1306_TestFPS
 .text.ssd1306_TestLine
                0x0000f230       0x30 ./packages/ssd1306-latest/examples/ssd1306_tests.o
                0x0000f230                ssd1306_TestLine
 .text.ssd1306_TestRectangle
                0x0000f260       0x70 ./packages/ssd1306-latest/examples/ssd1306_tests.o
                0x0000f260                ssd1306_TestRectangle
 .text.ssd1306_TestCircle
                0x0000f2d0       0x40 ./packages/ssd1306-latest/examples/ssd1306_tests.o
                0x0000f2d0                ssd1306_TestCircle
 .text.ssd1306_TestArc
                0x0000f310       0x26 ./packages/ssd1306-latest/examples/ssd1306_tests.o
                0x0000f310                ssd1306_TestArc
 *fill*         0x0000f336        0x2 ff
 .text.ssd1306_TestPolyline
                0x0000f338       0x2c ./packages/ssd1306-latest/examples/ssd1306_tests.o
                0x0000f338                ssd1306_TestPolyline
 .text.ssd1306_TestAll
                0x0000f364       0x74 ./packages/ssd1306-latest/examples/ssd1306_tests.o
                0x0000f364                ssd1306_TestAll
 .text.dht_read_bit
                0x0000f3d8       0x68 ./packages/dhtxx-latest/src/dhtxx.o
 .text.dht_read_byte
                0x0000f440       0x3e ./packages/dhtxx-latest/src/dhtxx.o
 *fill*         0x0000f47e        0x2 ff
 .text.dht_read
                0x0000f480      0x140 ./packages/dhtxx-latest/src/dhtxx.o
                0x0000f480                dht_read
 .text.dht_get_humidity
                0x0000f5c0       0x70 ./packages/dhtxx-latest/src/dhtxx.o
                0x0000f5c0                dht_get_humidity
 .text.dht_get_temperature
                0x0000f630       0xa4 ./packages/dhtxx-latest/src/dhtxx.o
                0x0000f630                dht_get_temperature
 .text.dht_create
                0x0000f6d4       0x6c ./packages/dhtxx-latest/src/dhtxx.o
                0x0000f6d4                dht_create
 .text.dht_delete
                0x0000f740       0x1c ./packages/dhtxx-latest/src/dhtxx.o
                0x0000f740                dht_delete
 .text._dht_read_bit
                0x0000f75c       0x68 ./packages/dhtxx-latest/src/sensor_asair_dhtxx.o
 .text._dht_read_byte
                0x0000f7c4       0x3e ./packages/dhtxx-latest/src/sensor_asair_dhtxx.o
 *fill*         0x0000f802        0x2 ff
 .text._dht_read
                0x0000f804      0x174 ./packages/dhtxx-latest/src/sensor_asair_dhtxx.o
 .text._dht_get_humidity
                0x0000f978       0x4c ./packages/dhtxx-latest/src/sensor_asair_dhtxx.o
 .text._dht_get_temperature
                0x0000f9c4       0x64 ./packages/dhtxx-latest/src/sensor_asair_dhtxx.o
 .text._dht_polling_get_data
                0x0000fa28      0x150 ./packages/dhtxx-latest/src/sensor_asair_dhtxx.o
 .text.dht_fetch_data
                0x0000fb78       0x2c ./packages/dhtxx-latest/src/sensor_asair_dhtxx.o
 .text.dht_control
                0x0000fba4       0x54 ./packages/dhtxx-latest/src/sensor_asair_dhtxx.o
 .text.sensor_init
                0x0000fbf8       0x1a ./packages/dhtxx-latest/src/sensor_asair_dhtxx.o
 *fill*         0x0000fc12        0x2 ff
 .text.rt_hw_dht_init
                0x0000fc14      0x254 ./packages/dhtxx-latest/src/sensor_asair_dhtxx.o
                0x0000fc14                rt_hw_dht_init
 .text.cat_dhtxx
                0x0000fe68       0xc8 ./packages/dhtxx-latest/examples/dhtxx_sample.o
                0x0000fe68                cat_dhtxx
 .text.read_humi_entry
                0x0000ff30       0x98 ./packages/dhtxx-latest/examples/sensor_dhtxx_sample.o
 .text.read_temp_entry
                0x0000ffc8       0x98 ./packages/dhtxx-latest/examples/sensor_dhtxx_sample.o
 .text.dhtxx_read_sample
                0x00010060       0x7c ./packages/dhtxx-latest/examples/sensor_dhtxx_sample.o
 .text.rt_hw_dht_port
                0x000100dc       0x28 ./packages/dhtxx-latest/examples/sensor_dhtxx_sample.o
 .text.bmp180_read_regs
                0x00010104       0xa0 ./packages/bmp180-latest/bmp180.o
 .text.bmp180_write_regs
                0x000101a4       0x9c ./packages/bmp180-latest/bmp180.o
 .text.bmp180_write_reg
                0x00010240       0x26 ./packages/bmp180-latest/bmp180.o
 .text.bmp180_read_ut
                0x00010266       0x42 ./packages/bmp180-latest/bmp180.o
 .text.bmp180_read_up
                0x000102a8       0x42 ./packages/bmp180-latest/bmp180.o
 *fill*         0x000102ea        0x2 ff
 .text.bmp180_polling_get_data
                0x000102ec      0x1d0 ./packages/bmp180-latest/bmp180.o
 .text.bmp180_fetch_data
                0x000104bc       0x58 ./packages/bmp180-latest/bmp180.o
 .text.bmp180_control
                0x00010514       0x50 ./packages/bmp180-latest/bmp180.o
 .text.rt_hw_bmp180_init
                0x00010564      0x37c ./packages/bmp180-latest/bmp180.o
                0x00010564                rt_hw_bmp180_init
 .text.read_baro_entry
                0x000108e0       0xd0 ./packages/bmp180-latest/bmp180_sample.o
                0x000108e0                read_baro_entry
 .text.bmp_read
                0x000109b0      0x10c ./packages/bmp180-latest/bmp180_sample.o
                0x000109b0                bmp_read
 .text.rt_hw_bmp180_port
                0x00010abc       0x30 ./packages/bmp180-latest/bmp180_sample.o
                0x00010abc                rt_hw_bmp180_port
 .text.ra_adc_enabled
                0x00010aec       0xa8 ./libraries/HAL_Drivers/drv_adc.o
 .text.ra_get_adc_value
                0x00010b94       0x70 ./libraries/HAL_Drivers/drv_adc.o
 .text.ra_adc_init
                0x00010c04       0x78 ./libraries/HAL_Drivers/drv_adc.o
 .text.__NVIC_SetPriority
                0x00010c7c       0x54 ./libraries/HAL_Drivers/drv_common.o
 .text.__NVIC_SystemReset
                0x00010cd0       0x2c ./libraries/HAL_Drivers/drv_common.o
 .text.SysTick_Config
                0x00010cfc       0x44 ./libraries/HAL_Drivers/drv_common.o
 .text.reboot   0x00010d40       0x10 ./libraries/HAL_Drivers/drv_common.o
 .text.rt_hw_systick_init
                0x00010d50       0x2c ./libraries/HAL_Drivers/drv_common.o
                0x00010d50                rt_hw_systick_init
 .text.SysTick_Handler
                0x00010d7c       0x14 ./libraries/HAL_Drivers/drv_common.o
                0x00010d7c                SysTick_Handler
 .text.rt_hw_us_delay
                0x00010d90       0x84 ./libraries/HAL_Drivers/drv_common.o
                0x00010d90                rt_hw_us_delay
 .text.rt_hw_board_init
                0x00010e14       0x34 ./libraries/HAL_Drivers/drv_common.o
                0x00010e14                rt_hw_board_init
 .text.R_BSP_WarmStart
                0x00010e48       0x2c ./libraries/HAL_Drivers/drv_common.o
                0x00010e48                R_BSP_WarmStart
 .text.R_BSP_PinRead
                0x00010e74       0x38 ./libraries/HAL_Drivers/drv_gpio.o
 .text.R_BSP_PinWrite
                0x00010eac       0x68 ./libraries/HAL_Drivers/drv_gpio.o
 .text.R_BSP_PinAccessEnable
                0x00010f14       0x60 ./libraries/HAL_Drivers/drv_gpio.o
 .text.R_BSP_PinAccessDisable
                0x00010f74       0x68 ./libraries/HAL_Drivers/drv_gpio.o
 .text.ra_pin_get_irqx
                0x00010fdc      0x280 ./libraries/HAL_Drivers/drv_gpio.o
 .text.ra_irq_tab_init
                0x0001125c       0x7c ./libraries/HAL_Drivers/drv_gpio.o
 .text.ra_pin_map_init
                0x000112d8       0x28 ./libraries/HAL_Drivers/drv_gpio.o
 .text.ra_pin_mode
                0x00011300       0xf8 ./libraries/HAL_Drivers/drv_gpio.o
 .text.ra_pin_write
                0x000113f8       0x3a ./libraries/HAL_Drivers/drv_gpio.o
 *fill*         0x00011432        0x2 ff
 .text.ra_pin_read
                0x00011434       0x50 ./libraries/HAL_Drivers/drv_gpio.o
 .text.ra_pin_irq_enable
                0x00011484      0x120 ./libraries/HAL_Drivers/drv_gpio.o
 .text.ra_pin_attach_irq
                0x000115a4      0x12c ./libraries/HAL_Drivers/drv_gpio.o
 .text.ra_pin_dettach_irq
                0x000116d0       0xb4 ./libraries/HAL_Drivers/drv_gpio.o
 .text.ra_pin_get
                0x00011784       0xce ./libraries/HAL_Drivers/drv_gpio.o
 *fill*         0x00011852        0x2 ff
 .text.rt_hw_pin_init
                0x00011854       0x24 ./libraries/HAL_Drivers/drv_gpio.o
                0x00011854                rt_hw_pin_init
 .text.irq0_callback
                0x00011878       0x34 ./libraries/HAL_Drivers/drv_gpio.o
                0x00011878                irq0_callback
 .text.R_FSP_SystemClockHzGet
                0x000118ac       0x4c ./libraries/HAL_Drivers/drv_pwm.o
 .text._convert_counts_ns
                0x000118f8       0x68 ./libraries/HAL_Drivers/drv_pwm.o
 .text._convert_ns_counts
                0x00011960       0x68 ./libraries/HAL_Drivers/drv_pwm.o
 .text.drv_pwm_enable
                0x000119c8       0x46 ./libraries/HAL_Drivers/drv_pwm.o
 .text.drv_pwm_get
                0x00011a0e       0x70 ./libraries/HAL_Drivers/drv_pwm.o
 .text.drv_pwm_set
                0x00011a7e       0xb4 ./libraries/HAL_Drivers/drv_pwm.o
 *fill*         0x00011b32        0x2 ff
 .text.drv_pwm_control
                0x00011b34       0x84 ./libraries/HAL_Drivers/drv_pwm.o
 .text.rt_hw_pwm_init
                0x00011bb8       0xa4 ./libraries/HAL_Drivers/drv_pwm.o
                0x00011bb8                rt_hw_pwm_init
 .text.ra_i2c_gpio_init
                0x00011c5c       0x46 ./libraries/HAL_Drivers/drv_soft_i2c.o
 .text.ra_set_sda
                0x00011ca2       0x36 ./libraries/HAL_Drivers/drv_soft_i2c.o
 .text.ra_set_scl
                0x00011cd8       0x36 ./libraries/HAL_Drivers/drv_soft_i2c.o
 .text.ra_get_sda
                0x00011d0e       0x20 ./libraries/HAL_Drivers/drv_soft_i2c.o
 .text.ra_get_scl
                0x00011d2e       0x20 ./libraries/HAL_Drivers/drv_soft_i2c.o
 *fill*         0x00011d4e        0x2 ff
 .text.ra_udelay
                0x00011d50       0x84 ./libraries/HAL_Drivers/drv_soft_i2c.o
 .text.ra_i2c_bus_unlock
                0x00011dd4       0x6c ./libraries/HAL_Drivers/drv_soft_i2c.o
 .text.rt_hw_i2c_init
                0x00011e40       0xf0 ./libraries/HAL_Drivers/drv_soft_i2c.o
                0x00011e40                rt_hw_i2c_init
 .text.ra_uart_get_config
                0x00011f30       0x7c ./libraries/HAL_Drivers/drv_usart_v2.o
 .text.ra_uart_configure
                0x00011fac       0x7c ./libraries/HAL_Drivers/drv_usart_v2.o
 .text.ra_uart_control
                0x00012028       0x1a ./libraries/HAL_Drivers/drv_usart_v2.o
 *fill*         0x00012042        0x2 ff
 .text.ra_uart_putc
                0x00012044       0x68 ./libraries/HAL_Drivers/drv_usart_v2.o
 .text.ra_uart_getc
                0x000120ac       0x16 ./libraries/HAL_Drivers/drv_usart_v2.o
 *fill*         0x000120c2        0x2 ff
 .text.user_uart0_callback
                0x000120c4       0x74 ./libraries/HAL_Drivers/drv_usart_v2.o
                0x000120c4                user_uart0_callback
 .text.user_uart7_callback
                0x00012138       0x78 ./libraries/HAL_Drivers/drv_usart_v2.o
                0x00012138                user_uart7_callback
 .text.rt_hw_usart_init
                0x000121b0       0xb8 ./libraries/HAL_Drivers/drv_usart_v2.o
                0x000121b0                rt_hw_usart_init
 .text.cos      0x00012268       0xa8 d:/rt-threadstudio/repo/extract/toolchain_support_packages/arm/gnu_tools_for_arm_embedded_processors/10.2.1/bin/../lib/gcc/arm-none-eabi/10.2.1/../../../../arm-none-eabi/lib/thumb/v8-m.main+fp/hard\libm.a(lib_a-s_cos.o)
                0x00012268                cos
 .text.sin      0x00012310       0xa8 d:/rt-threadstudio/repo/extract/toolchain_support_packages/arm/gnu_tools_for_arm_embedded_processors/10.2.1/bin/../lib/gcc/arm-none-eabi/10.2.1/../../../../arm-none-eabi/lib/thumb/v8-m.main+fp/hard\libm.a(lib_a-s_sin.o)
                0x00012310                sin
 .text.__ieee754_rem_pio2
                0x000123b8      0x44c d:/rt-threadstudio/repo/extract/toolchain_support_packages/arm/gnu_tools_for_arm_embedded_processors/10.2.1/bin/../lib/gcc/arm-none-eabi/10.2.1/../../../../arm-none-eabi/lib/thumb/v8-m.main+fp/hard\libm.a(lib_a-e_rem_pio2.o)
                0x000123b8                __ieee754_rem_pio2
 *fill*         0x00012804        0x4 ff
 .text.__kernel_cos
                0x00012808      0x27c d:/rt-threadstudio/repo/extract/toolchain_support_packages/arm/gnu_tools_for_arm_embedded_processors/10.2.1/bin/../lib/gcc/arm-none-eabi/10.2.1/../../../../arm-none-eabi/lib/thumb/v8-m.main+fp/hard\libm.a(lib_a-k_cos.o)
                0x00012808                __kernel_cos
 *fill*         0x00012a84        0x4 ff
 .text.__kernel_rem_pio2
                0x00012a88      0x848 d:/rt-threadstudio/repo/extract/toolchain_support_packages/arm/gnu_tools_for_arm_embedded_processors/10.2.1/bin/../lib/gcc/arm-none-eabi/10.2.1/../../../../arm-none-eabi/lib/thumb/v8-m.main+fp/hard\libm.a(lib_a-k_rem_pio2.o)
                0x00012a88                __kernel_rem_pio2
 .text.__kernel_sin
                0x000132d0      0x18c d:/rt-threadstudio/repo/extract/toolchain_support_packages/arm/gnu_tools_for_arm_embedded_processors/10.2.1/bin/../lib/gcc/arm-none-eabi/10.2.1/../../../../arm-none-eabi/lib/thumb/v8-m.main+fp/hard\libm.a(lib_a-k_sin.o)
                0x000132d0                __kernel_sin
 .text.fabs     0x0001345c       0x14 d:/rt-threadstudio/repo/extract/toolchain_support_packages/arm/gnu_tools_for_arm_embedded_processors/10.2.1/bin/../lib/gcc/arm-none-eabi/10.2.1/../../../../arm-none-eabi/lib/thumb/v8-m.main+fp/hard\libm.a(lib_a-s_fabs.o)
                0x0001345c                fabs
 .text.floor    0x00013470      0x108 d:/rt-threadstudio/repo/extract/toolchain_support_packages/arm/gnu_tools_for_arm_embedded_processors/10.2.1/bin/../lib/gcc/arm-none-eabi/10.2.1/../../../../arm-none-eabi/lib/thumb/v8-m.main+fp/hard\libm.a(lib_a-s_floor.o)
                0x00013470                floor
 .text.scalbn   0x00013578      0x128 d:/rt-threadstudio/repo/extract/toolchain_support_packages/arm/gnu_tools_for_arm_embedded_processors/10.2.1/bin/../lib/gcc/arm-none-eabi/10.2.1/../../../../arm-none-eabi/lib/thumb/v8-m.main+fp/hard\libm.a(lib_a-s_scalbn.o)
                0x00013578                scalbn
 .text.atoi     0x000136a0        0x8 d:/rt-threadstudio/repo/extract/toolchain_support_packages/arm/gnu_tools_for_arm_embedded_processors/10.2.1/bin/../lib/gcc/arm-none-eabi/10.2.1/../../../../arm-none-eabi/lib/thumb/v8-m.main+fp/hard\libc.a(lib_a-atoi.o)
                0x000136a0                atoi
 .text.memcmp   0x000136a8       0x60 d:/rt-threadstudio/repo/extract/toolchain_support_packages/arm/gnu_tools_for_arm_embedded_processors/10.2.1/bin/../lib/gcc/arm-none-eabi/10.2.1/../../../../arm-none-eabi/lib/thumb/v8-m.main+fp/hard\libc.a(lib_a-memcmp.o)
                0x000136a8                memcmp
 .text          0x00013708       0xec d:/rt-threadstudio/repo/extract/toolchain_support_packages/arm/gnu_tools_for_arm_embedded_processors/10.2.1/bin/../lib/gcc/arm-none-eabi/10.2.1/../../../../arm-none-eabi/lib/thumb/v8-m.main+fp/hard\libc.a(lib_a-memcpy.o)
                0x00013708                memcpy
 .text.memmove  0x000137f4       0xf8 d:/rt-threadstudio/repo/extract/toolchain_support_packages/arm/gnu_tools_for_arm_embedded_processors/10.2.1/bin/../lib/gcc/arm-none-eabi/10.2.1/../../../../arm-none-eabi/lib/thumb/v8-m.main+fp/hard\libc.a(lib_a-memmove.o)
                0x000137f4                memmove
 .text.memset   0x000138ec       0xa4 d:/rt-threadstudio/repo/extract/toolchain_support_packages/arm/gnu_tools_for_arm_embedded_processors/10.2.1/bin/../lib/gcc/arm-none-eabi/10.2.1/../../../../arm-none-eabi/lib/thumb/v8-m.main+fp/hard\libc.a(lib_a-memset.o)
                0x000138ec                memset
 .text.snprintf
                0x00013990       0x88 d:/rt-threadstudio/repo/extract/toolchain_support_packages/arm/gnu_tools_for_arm_embedded_processors/10.2.1/bin/../lib/gcc/arm-none-eabi/10.2.1/../../../../arm-none-eabi/lib/thumb/v8-m.main+fp/hard\libc.a(lib_a-snprintf.o)
                0x00013990                snprintf
 .text.strcat   0x00013a18       0x40 d:/rt-threadstudio/repo/extract/toolchain_support_packages/arm/gnu_tools_for_arm_embedded_processors/10.2.1/bin/../lib/gcc/arm-none-eabi/10.2.1/../../../../arm-none-eabi/lib/thumb/v8-m.main+fp/hard\libc.a(lib_a-strcat.o)
                0x00013a18                strcat
 .text          0x00013a58      0x1bc d:/rt-threadstudio/repo/extract/toolchain_support_packages/arm/gnu_tools_for_arm_embedded_processors/10.2.1/bin/../lib/gcc/arm-none-eabi/10.2.1/../../../../arm-none-eabi/lib/thumb/v8-m.main+fp/hard\libc.a(lib_a-strcmp.o)
                0x00013a58                strcmp
 .text.strcpy   0x00013c14       0xbc d:/rt-threadstudio/repo/extract/toolchain_support_packages/arm/gnu_tools_for_arm_embedded_processors/10.2.1/bin/../lib/gcc/arm-none-eabi/10.2.1/../../../../arm-none-eabi/lib/thumb/v8-m.main+fp/hard\libc.a(lib_a-strcpy.o)
                0x00013c14                strcpy
 .text.strlen   0x00013cd0       0x5c d:/rt-threadstudio/repo/extract/toolchain_support_packages/arm/gnu_tools_for_arm_embedded_processors/10.2.1/bin/../lib/gcc/arm-none-eabi/10.2.1/../../../../arm-none-eabi/lib/thumb/v8-m.main+fp/hard\libc.a(lib_a-strlen-stub.o)
                0x00013cd0                strlen
 .text.strncmp  0x00013d2c       0x78 d:/rt-threadstudio/repo/extract/toolchain_support_packages/arm/gnu_tools_for_arm_embedded_processors/10.2.1/bin/../lib/gcc/arm-none-eabi/10.2.1/../../../../arm-none-eabi/lib/thumb/v8-m.main+fp/hard\libc.a(lib_a-strncmp.o)
                0x00013d2c                strncmp
 .text.strncpy  0x00013da4       0x64 d:/rt-threadstudio/repo/extract/toolchain_support_packages/arm/gnu_tools_for_arm_embedded_processors/10.2.1/bin/../lib/gcc/arm-none-eabi/10.2.1/../../../../arm-none-eabi/lib/thumb/v8-m.main+fp/hard\libc.a(lib_a-strncpy.o)
                0x00013da4                strncpy
 .text._strtol_l.part.0
                0x00013e08      0x104 d:/rt-threadstudio/repo/extract/toolchain_support_packages/arm/gnu_tools_for_arm_embedded_processors/10.2.1/bin/../lib/gcc/arm-none-eabi/10.2.1/../../../../arm-none-eabi/lib/thumb/v8-m.main+fp/hard\libc.a(lib_a-strtol.o)
 .text.strtol   0x00013f0c       0x2c d:/rt-threadstudio/repo/extract/toolchain_support_packages/arm/gnu_tools_for_arm_embedded_processors/10.2.1/bin/../lib/gcc/arm-none-eabi/10.2.1/../../../../arm-none-eabi/lib/thumb/v8-m.main+fp/hard\libc.a(lib_a-strtol.o)
                0x00013f0c                strtol
 .text._svfprintf_r
                0x00013f38     0x1a8c d:/rt-threadstudio/repo/extract/toolchain_support_packages/arm/gnu_tools_for_arm_embedded_processors/10.2.1/bin/../lib/gcc/arm-none-eabi/10.2.1/../../../../arm-none-eabi/lib/thumb/v8-m.main+fp/hard\libc.a(lib_a-svfprintf.o)
                0x00013f38                _svfprintf_r
 .text.startup.register_fini
                0x000159c4       0x14 d:/rt-threadstudio/repo/extract/toolchain_support_packages/arm/gnu_tools_for_arm_embedded_processors/10.2.1/bin/../lib/gcc/arm-none-eabi/10.2.1/../../../../arm-none-eabi/lib/thumb/v8-m.main+fp/hard\libc.a(lib_a-__call_atexit.o)
 .text.atexit   0x000159d8        0xc d:/rt-threadstudio/repo/extract/toolchain_support_packages/arm/gnu_tools_for_arm_embedded_processors/10.2.1/bin/../lib/gcc/arm-none-eabi/10.2.1/../../../../arm-none-eabi/lib/thumb/v8-m.main+fp/hard\libc.a(lib_a-atexit.o)
                0x000159d8                atexit
 .text.quorem   0x000159e4      0x134 d:/rt-threadstudio/repo/extract/toolchain_support_packages/arm/gnu_tools_for_arm_embedded_processors/10.2.1/bin/../lib/gcc/arm-none-eabi/10.2.1/../../../../arm-none-eabi/lib/thumb/v8-m.main+fp/hard\libc.a(lib_a-dtoa.o)
 .text._dtoa_r  0x00015b18      0xf54 d:/rt-threadstudio/repo/extract/toolchain_support_packages/arm/gnu_tools_for_arm_embedded_processors/10.2.1/bin/../lib/gcc/arm-none-eabi/10.2.1/../../../../arm-none-eabi/lib/thumb/v8-m.main+fp/hard\libc.a(lib_a-dtoa.o)
                0x00015b18                _dtoa_r
 .text.__libc_fini_array
                0x00016a6c       0x2c d:/rt-threadstudio/repo/extract/toolchain_support_packages/arm/gnu_tools_for_arm_embedded_processors/10.2.1/bin/../lib/gcc/arm-none-eabi/10.2.1/../../../../arm-none-eabi/lib/thumb/v8-m.main+fp/hard\libc.a(lib_a-fini.o)
                0x00016a6c                __libc_fini_array
 .text._localeconv_r
                0x00016a98        0x8 d:/rt-threadstudio/repo/extract/toolchain_support_packages/arm/gnu_tools_for_arm_embedded_processors/10.2.1/bin/../lib/gcc/arm-none-eabi/10.2.1/../../../../arm-none-eabi/lib/thumb/v8-m.main+fp/hard\libc.a(lib_a-localeconv.o)
                0x00016a98                _localeconv_r
 .text.__retarget_lock_acquire_recursive
                0x00016aa0        0x4 d:/rt-threadstudio/repo/extract/toolchain_support_packages/arm/gnu_tools_for_arm_embedded_processors/10.2.1/bin/../lib/gcc/arm-none-eabi/10.2.1/../../../../arm-none-eabi/lib/thumb/v8-m.main+fp/hard\libc.a(lib_a-lock.o)
                0x00016aa0                __retarget_lock_acquire_recursive
 .text.__retarget_lock_release_recursive
                0x00016aa4        0x4 d:/rt-threadstudio/repo/extract/toolchain_support_packages/arm/gnu_tools_for_arm_embedded_processors/10.2.1/bin/../lib/gcc/arm-none-eabi/10.2.1/../../../../arm-none-eabi/lib/thumb/v8-m.main+fp/hard\libc.a(lib_a-lock.o)
                0x00016aa4                __retarget_lock_release_recursive
 .text.memchr   0x00016aa8       0x80 d:/rt-threadstudio/repo/extract/toolchain_support_packages/arm/gnu_tools_for_arm_embedded_processors/10.2.1/bin/../lib/gcc/arm-none-eabi/10.2.1/../../../../arm-none-eabi/lib/thumb/v8-m.main+fp/hard\libc.a(lib_a-memchr-stub.o)
                0x00016aa8                memchr
 .text._Balloc  0x00016b28       0x4c d:/rt-threadstudio/repo/extract/toolchain_support_packages/arm/gnu_tools_for_arm_embedded_processors/10.2.1/bin/../lib/gcc/arm-none-eabi/10.2.1/../../../../arm-none-eabi/lib/thumb/v8-m.main+fp/hard\libc.a(lib_a-mprec.o)
                0x00016b28                _Balloc
 .text._Bfree   0x00016b74       0x14 d:/rt-threadstudio/repo/extract/toolchain_support_packages/arm/gnu_tools_for_arm_embedded_processors/10.2.1/bin/../lib/gcc/arm-none-eabi/10.2.1/../../../../arm-none-eabi/lib/thumb/v8-m.main+fp/hard\libc.a(lib_a-mprec.o)